Component: Arm Compiler for Embedded 6.22 Tool: armlink [5ee90200]

==============================================================================

Section Cross References

    main.o(.text.main) refers to main.o(.text.Board_Init) for Board_Init
    main.o(.text.main) refers to interrupt_manager.o(.text.INT_SYS_EnableIRQ) for INT_SYS_EnableIRQ
    main.o(.text.main) refers to ptmr_driver.o(.text.pTMR_DRV_StartTimerChannels) for pTMR_DRV_StartTimerChannels
    main.o(.text.main) refers to u8g2_d.o(.text.OLED_Init) for OLED_Init
    main.o(.text.main) refers to u8g2_d.o(.text.u8g2_init) for u8g2_init
    main.o(.text.main) refers to i2c_driver.o(.text.I2C_DRV_MasterSetSlaveAddr) for I2C_DRV_MasterSetSlaveAddr
    main.o(.text.main) refers to autofox_ina226.o(.text.AutoFox_INA226_Init) for AutoFox_INA226_Init
    main.o(.text.main) refers to u8g2_d.o(.text.Menu_Show) for Menu_Show
    main.o(.text.main) refers to autofox_ina226.o(.text.AutoFox_INA226_GetCurrent_uA) for AutoFox_INA226_GetCurrent_uA
    main.o(.text.main) refers to dflti.o(.text) for __aeabi_i2d
    main.o(.text.main) refers to ddiv.o(.text) for __aeabi_ddiv
    main.o(.text.main) refers to i2c_config.o(.rodata.I2C_MasterConfig0) for I2C_MasterConfig0
    main.o(.text.main) refers to main.o(.bss.Ina226) for Ina226
    main.o(.text.main) refers to main.o(.bss.Currflag) for Currflag
    main.o(.text.main) refers to main.o(.bss.Current_vlue) for Current_vlue
    main.o(.ARM.exidx.text.main) refers to main.o(.text.main) for [Anonymous Symbol]
    main.o(.text.Board_Init) refers to clock_ytm32b1lx.o(.text.CLOCK_SYS_Init) for CLOCK_SYS_Init
    main.o(.text.Board_Init) refers to clock_ytm32b1lx.o(.text.CLOCK_SYS_UpdateConfiguration) for CLOCK_SYS_UpdateConfiguration
    main.o(.text.Board_Init) refers to ptmr_driver.o(.text.pTMR_DRV_Init) for pTMR_DRV_Init
    main.o(.text.Board_Init) refers to ptmr_driver.o(.text.pTMR_DRV_InitChannel) for pTMR_DRV_InitChannel
    main.o(.text.Board_Init) refers to pins_driver.o(.text.PINS_DRV_Init) for PINS_DRV_Init
    main.o(.text.Board_Init) refers to spi_master_driver.o(.text.SPI_DRV_MasterInit) for SPI_DRV_MasterInit
    main.o(.text.Board_Init) refers to utility_print_config.o(.text.UTILITY_PRINT_Init) for UTILITY_PRINT_Init
    main.o(.text.Board_Init) refers to lin_driver.o(.text.LIN_DRV_Init) for LIN_DRV_Init
    main.o(.text.Board_Init) refers to adc_driver.o(.text.ADC_DRV_ConfigConverter) for ADC_DRV_ConfigConverter
    main.o(.text.Board_Init) refers to i2c_driver.o(.text.I2C_DRV_MasterInit) for I2C_DRV_MasterInit
    main.o(.text.Board_Init) refers to clock_config.o(.data.g_clockManConfigsArr) for g_clockManConfigsArr
    main.o(.text.Board_Init) refers to clock_config.o(.bss.g_clockManCallbacksArr) for g_clockManCallbacksArr
    main.o(.text.Board_Init) refers to ptmr_config.o(.rodata.PTMR_Config) for PTMR_Config
    main.o(.text.Board_Init) refers to ptmr_config.o(.rodata.ptmr_channel_0) for ptmr_channel_0
    main.o(.text.Board_Init) refers to ptmr_config.o(.rodata.ptmr_channel_1) for ptmr_channel_1
    main.o(.text.Board_Init) refers to pin_mux.o(.rodata.g_pin_mux_InitConfigArr0) for g_pin_mux_InitConfigArr0
    main.o(.text.Board_Init) refers to spi_config.o(.bss.spi_MasterConfig0_State) for spi_MasterConfig0_State
    main.o(.text.Board_Init) refers to spi_config.o(.rodata.spi_MasterConfig0) for spi_MasterConfig0
    main.o(.text.Board_Init) refers to lin_config.o(.data.lin_config0) for lin_config0
    main.o(.text.Board_Init) refers to lin_config.o(.bss.lin_config0_State) for lin_config0_State
    main.o(.text.Board_Init) refers to adc_config.o(.rodata.adc_config0) for adc_config0
    main.o(.text.Board_Init) refers to i2c_config.o(.rodata.I2C_MasterConfig0) for I2C_MasterConfig0
    main.o(.text.Board_Init) refers to i2c_config.o(.bss.I2C_MasterConfig0_State) for I2C_MasterConfig0_State
    main.o(.text.Board_Init) refers to i2c_config.o(.rodata.I2C_MasterConfig1) for I2C_MasterConfig1
    main.o(.text.Board_Init) refers to i2c_config.o(.bss.I2C_MasterConfig1_State) for I2C_MasterConfig1_State
    main.o(.ARM.exidx.text.Board_Init) refers to main.o(.text.Board_Init) for [Anonymous Symbol]
    main.o(.text.User_Init) refers to main.o(.text.Board_Init) for Board_Init
    main.o(.text.User_Init) refers to interrupt_manager.o(.text.INT_SYS_EnableIRQ) for INT_SYS_EnableIRQ
    main.o(.text.User_Init) refers to ptmr_driver.o(.text.pTMR_DRV_StartTimerChannels) for pTMR_DRV_StartTimerChannels
    main.o(.text.User_Init) refers to u8g2_d.o(.text.OLED_Init) for OLED_Init
    main.o(.text.User_Init) refers to u8g2_d.o(.text.u8g2_init) for u8g2_init
    main.o(.text.User_Init) refers to i2c_driver.o(.text.I2C_DRV_MasterSetSlaveAddr) for I2C_DRV_MasterSetSlaveAddr
    main.o(.text.User_Init) refers to autofox_ina226.o(.text.AutoFox_INA226_Init) for AutoFox_INA226_Init
[...]
    DMA_DRV_DisableRequestsOnTransferComplete 0x00001b1d   Thumb Code    28  dma_driver.o(.text.DMA_DRV_DisableRequestsOnTransferComplete)
    DMA_DRV_ErrorIRQHandler                  0x00001b3d   Thumb Code    60  dma_driver.o(.text.DMA_DRV_ErrorIRQHandler)
    DMA_DRV_GetDmaRegBaseAddr                0x00001b79   Thumb Code     4  dma_driver.o(.text.DMA_DRV_GetDmaRegBaseAddr)
    DMA_DRV_IRQHandler                       0x00001b7d   Thumb Code    44  dma_driver.o(.text.DMA_DRV_IRQHandler)
    DMA_DRV_InstallCallback                  0x00001bad   Thumb Code    20  dma_driver.o(.text.DMA_DRV_InstallCallback)
    DMA_DRV_SetChannelRequestAndTrigger      0x00001bc5   Thumb Code     8  dma_driver.o(.text.DMA_DRV_SetChannelRequestAndTrigger)
    DMA_DRV_SetSrcLastAddrAdjustment         0x00001bd1   Thumb Code    12  dma_driver.o(.text.DMA_DRV_SetSrcLastAddrAdjustment)
    DMA_DRV_StartChannel                     0x00001be1   Thumb Code    20  dma_driver.o(.text.DMA_DRV_StartChannel)
    DMA_DRV_StopChannel                      0x00001bf5   Thumb Code    20  dma_driver.o(.text.DMA_DRV_StopChannel)
    DMA_Error_IRQHandler                     0x00001c0d   Thumb Code    40  dma_irq.o(.text.DMA_Error_IRQHandler)
    DMA_SetDmaRequestCmd                     0x00001c35   Thumb Code    24  dma_hw_access.o(.text.DMA_SetDmaRequestCmd)
    DefaultISR                               0x00001c4d   Thumb Code     2  vector_table_copy.o(.text.DefaultISR)
    EFM_IRQHandler                           0x00001c4f   Thumb Code     2  vector_table_copy.o(.text.EFM_IRQHandler)
    EMU0_IRQHandler                          0x00001c51   Thumb Code     2  vector_table_copy.o(.text.EMU0_IRQHandler)
    GPIO_IRQHandler                          0x00001c53   Thumb Code     2  vector_table_copy.o(.text.GPIO_IRQHandler)
    HardFault_Handler                        0x00001c55   Thumb Code     2  vector_table_copy.o(.text.HardFault_Handler)
    I2C0_IRQHandler                          0x00001c57   Thumb Code    10  i2c_irq.o(.text.I2C0_IRQHandler)
    I2C1_IRQHandler                          0x00001c61   Thumb Code    10  i2c_irq.o(.text.I2C1_IRQHandler)
    I2C_DRV_MasterIRQHandler                 0x00001d31   Thumb Code  1056  i2c_driver.o(.text.I2C_DRV_MasterIRQHandler)
    I2C_DRV_MasterInit                       0x00002165   Thumb Code   272  i2c_driver.o(.text.I2C_DRV_MasterInit)
    I2C_DRV_MasterReceiveData                0x00002285   Thumb Code   212  i2c_driver.o(.text.I2C_DRV_MasterReceiveData)
    I2C_DRV_MasterReceiveDataBlocking        0x00002359   Thumb Code    88  i2c_driver.o(.text.I2C_DRV_MasterReceiveDataBlocking)
    I2C_DRV_MasterSendData                   0x0000253d   Thumb Code   196  i2c_driver.o(.text.I2C_DRV_MasterSendData)
    I2C_DRV_MasterSendDataBlocking           0x00002609   Thumb Code    76  i2c_driver.o(.text.I2C_DRV_MasterSendDataBlocking)
    I2C_DRV_MasterSetBaudRate                0x00002659   Thumb Code   484  i2c_driver.o(.text.I2C_DRV_MasterSetBaudRate)
    I2C_DRV_MasterSetSlaveAddr               0x00002859   Thumb Code    16  i2c_driver.o(.text.I2C_DRV_MasterSetSlaveAddr)
    I2C_DRV_ModuleIRQHandler                 0x00002b05   Thumb Code    24  i2c_driver.o(.text.I2C_DRV_ModuleIRQHandler)
    I2C_DRV_SlaveIRQHandler                  0x00002b1d   Thumb Code   760  i2c_driver.o(.text.I2C_DRV_SlaveIRQHandler)
    INT_SYS_DisableIRQGlobal                 0x00002ee1   Thumb Code    12  interrupt_manager.o(.text.INT_SYS_DisableIRQGlobal)
    INT_SYS_EnableIRQ                        0x00002eed   Thumb Code    20  interrupt_manager.o(.text.INT_SYS_EnableIRQ)
    INT_SYS_EnableIRQGlobal                  0x00002f05   Thumb Code    20  interrupt_manager.o(.text.INT_SYS_EnableIRQGlobal)
    INT_SYS_InstallHandler                   0x00002f1d   Thumb Code    28  interrupt_manager.o(.text.INT_SYS_InstallHandler)
    LIN_DRV_IRQHandler                       0x00002f3d   Thumb Code     8  lin_driver.o(.text.LIN_DRV_IRQHandler)
    LIN_DRV_Init                             0x00002f45   Thumb Code     8  lin_driver.o(.text.LIN_DRV_Init)
    LIN_DRV_MakeChecksumByte                 0x00002f4d   Thumb Code    58  lin_common.o(.text.LIN_DRV_MakeChecksumByte)
    LIN_DRV_ProcessParity                    0x00002f87   Thumb Code    70  lin_common.o(.text.LIN_DRV_ProcessParity)
    LIN_UART_DRV_IRQHandler                  0x00002fed   Thumb Code  1612  lin_uart_driver.o(.text.LIN_UART_DRV_IRQHandler)
    LIN_UART_DRV_Init                        0x0000363d   Thumb Code   344  lin_uart_driver.o(.text.LIN_UART_DRV_Init)
    LIN_UART_DRV_SendFrameDataBlocking       0x000037b5   Thumb Code   396  lin_uart_driver.o(.text.LIN_UART_DRV_SendFrameDataBlocking)
    Menu_Show                                0x0000394d   Thumb Code  1344  u8g2_d.o(.text.Menu_Show)
    Move                                     0x00003f45   Thumb Code   136  u8g2_d.o(.text.Move)
    NMI_Handler                              0x00003fd9   Thumb Code     2  vector_table_copy.o(.text.NMI_Handler)
    OLED_Init                                0x00003fdd   Thumb Code  1504  u8g2_d.o(.text.OLED_Init)
    OLED_Refresh                             0x000045c9   Thumb Code   292  u8g2_d.o(.text.OLED_Refresh)
    OSIF_SemaCreate                          0x000046fd   Thumb Code    20  osif_baremetal.o(.text.OSIF_SemaCreate)
    OSIF_SemaPost                            0x00004711   Thumb Code    34  osif_baremetal.o(.text.OSIF_SemaPost)
    OSIF_SemaWait                            0x00004735   Thumb Code   148  osif_baremetal.o(.text.OSIF_SemaWait)
    OSIF_TimeDelay                           0x000047c9   Thumb Code    68  osif_baremetal.o(.text.OSIF_TimeDelay)
    PCU_CMU_IRQHandler                       0x00004819   Thumb Code     2  vector_table_copy.o(.text.PCU_CMU_IRQHandler)
    PINS_DRV_Init                            0x0000481b   Thumb Code    26  pins_driver.o(.text.PINS_DRV_Init)
    PINS_Init                                0x00004835   Thumb Code   268  pins_port_hw_access.o(.text.PINS_Init)
    PendSV_Handler                           0x00004945   Thumb Code     2  vector_table_copy.o(.text.PendSV_Handler)
    Potenmeter                               0x00004949   Thumb Code    68  joystick.o(.text.Potenmeter)
    RTC_IRQHandler                           0x000049a1   Thumb Code     2  vector_table_copy.o(.text.RTC_IRQHandler)
    RamInit1                                 0x000049a5   Thumb Code   276  raminit1.o(.text.RamInit1)
    RamInit2                                 0x00004ac9   Thumb Code     2  raminit2.o(.text.RamInit2)
    SPI0_IRQHandler                          0x00004acb   Thumb Code    10  spi_irq.o(.text.SPI0_IRQHandler)
    SPI1_IRQHandler                          0x00004ad5   Thumb Code    10  spi_irq.o(.text.SPI1_IRQHandler)
    SPI2_IRQHandler                          0x00004adf   Thumb Code    10  spi_irq.o(.text.SPI2_IRQHandler)
    SPI_ClearStatusFlag                      0x00004ae9   Thumb Code    22  spi_hw_access.o(.text.SPI_ClearStatusFlag)
    SPI_DRV_DisableTEIEInterrupts            0x00004b01   Thumb Code    44  spi_shared_function.o(.text.SPI_DRV_DisableTEIEInterrupts)
    SPI_DRV_FillupTxBuffer                   0x00004b2d   Thumb Code   172  spi_shared_function.o(.text.SPI_DRV_FillupTxBuffer)
    SPI_DRV_IRQHandler                       0x00004bd9   Thumb Code    32  spi_shared_function.o(.text.SPI_DRV_IRQHandler)
    SPI_DRV_MasterConfigureBus               0x00004d01   Thumb Code   232  spi_master_driver.o(.text.SPI_DRV_MasterConfigureBus)
    SPI_DRV_MasterIRQHandler                 0x00004df1   Thumb Code   216  spi_master_driver.o(.text.SPI_DRV_MasterIRQHandler)
    SPI_DRV_MasterInit                       0x00004ed1   Thumb Code   124  spi_master_driver.o(.text.SPI_DRV_MasterInit)
    SPI_DRV_MasterTransfer                   0x00005119   Thumb Code    16  spi_master_driver.o(.text.SPI_DRV_MasterTransfer)
    SPI_DRV_ReadRXBuffer                     0x00005129   Thumb Code   132  spi_shared_function.o(.text.SPI_DRV_ReadRXBuffer)
    SPI_DRV_SlaveAbortTransfer               0x000051b5   Thumb Code   112  spi_slave_driver.o(.text.SPI_DRV_SlaveAbortTransfer)
    SPI_DRV_SlaveIRQHandler                  0x00005235   Thumb Code   192  spi_slave_driver.o(.text.SPI_DRV_SlaveIRQHandler)
    SPI_Disable                              0x000052fd   Thumb Code    22  spi_hw_access.o(.text.SPI_Disable)
    SPI_Init                                 0x00005313   Thumb Code     6  spi_hw_access.o(.text.SPI_Init)
    SPI_SetBaudRate                          0x00005319   Thumb Code   308  spi_hw_access.o(.text.SPI_SetBaudRate)
    SPI_SetFlushFifoCmd                      0x0000546d   Thumb Code    26  spi_hw_access.o(.text.SPI_SetFlushFifoCmd)
    SPI_SetMasterSlaveMode                   0x00005487   Thumb Code    16  spi_hw_access.o(.text.SPI_SetMasterSlaveMode)
    SPI_SetPcsPolarityMode                   0x00005497   Thumb Code    24  spi_hw_access.o(.text.SPI_SetPcsPolarityMode)
    SPI_SetPinConfigMode                     0x000054af   Thumb Code    38  spi_hw_access.o(.text.SPI_SetPinConfigMode)
    SPI_SetTxCommandReg                      0x000054d5   Thumb Code    74  spi_hw_access.o(.text.SPI_SetTxCommandReg)
    SVC_Handler                              0x0000551f   Thumb Code     2  vector_table_copy.o(.text.SVC_Handler)
    SysTick_Handler                          0x00005521   Thumb Code    12  osif_baremetal.o(.text.SysTick_Handler)
    SystemInit                               0x00005531   Thumb Code    48  system_ytm32b1le0.o(.text.SystemInit)
    UART0_IRQHandler                         0x00005579   Thumb Code     2  vector_table_copy.o(.text.UART0_IRQHandler)
    UART0_IrqHandler                         0x0000557b   Thumb Code    10  uart_irq.o(.text.UART0_IrqHandler)
    UART1_IRQHandler                         0x00005585   Thumb Code     2  vector_table_copy.o(.text.UART1_IRQHandler)
    UART1_IrqHandler                         0x00005587   Thumb Code    10  uart_irq.o(.text.UART1_IrqHandler)
    UART2_IRQHandler                         0x00005591   Thumb Code     2  vector_table_copy.o(.text.UART2_IRQHandler)
    UART2_IrqHandler                         0x00005593   Thumb Code    10  uart_irq.o(.text.UART2_IrqHandler)
    UART_ClearStatusFlag                     0x0000559d   Thumb Code     6  uart_hw_access.o(.text.UART_ClearStatusFlag)
    UART_DRV_IRQHandler                      0x00005659   Thumb Code   852  uart_driver.o(.text.UART_DRV_IRQHandler)
    UART_DRV_Init                            0x000059b9   Thumb Code   220  uart_driver.o(.text.UART_DRV_Init)
    UART_DRV_SendDataPolling                 0x00005aa1   Thumb Code   180  uart_driver.o(.text.UART_DRV_SendDataPolling)
    UART_DRV_SetBaudRate                     0x00005b59   Thumb Code   260  uart_driver.o(.text.UART_DRV_SetBaudRate)
    UART_GetIntMode                          0x00005cd5   Thumb Code    10  uart_hw_access.o(.text.UART_GetIntMode)
    UART_GetStatusFlag                       0x00005cdf   Thumb Code    10  uart_hw_access.o(.text.UART_GetStatusFlag)
    UART_Getchar10                           0x00005ce9   Thumb Code    12  uart_hw_access.o(.text.UART_Getchar10)
    UART_Getchar7                            0x00005cf9   Thumb Code    10  uart_hw_access.o(.text.UART_Getchar7)
    UART_Getchar8                            0x00005d03   Thumb Code     6  uart_hw_access.o(.text.UART_Getchar8)
    UART_Getchar9                            0x00005d09   Thumb Code    12  uart_hw_access.o(.text.UART_Getchar9)
    UART_Init                                0x00005d19   Thumb Code    24  uart_hw_access.o(.text.UART_Init)
    UART_Putchar10                           0x00005d39   Thumb Code     4  uart_hw_access.o(.text.UART_Putchar10)
    UART_Putchar9                            0x00005d3d   Thumb Code     4  uart_hw_access.o(.text.UART_Putchar9)
    UART_SetBitCountPerChar                  0x00005d41   Thumb Code    24  uart_hw_access.o(.text.UART_SetBitCountPerChar)
    UART_SetErrorInterrupts                  0x00005d59   Thumb Code    56  uart_hw_access.o(.text.UART_SetErrorInterrupts)
    UART_SetIntMode                          0x00005d91   Thumb Code    20  uart_hw_access.o(.text.UART_SetIntMode)
    UART_SetParityMode                       0x00005da5   Thumb Code    30  uart_hw_access.o(.text.UART_SetParityMode)
    UTILITY_PRINT_Init                       0x00005dc5   Thumb Code    16  utility_print_config.o(.text.UTILITY_PRINT_Init)
    VectorTableCopy                          0x00005ddd   Thumb Code    36  vector_table_copy.o(.text.VectorTableCopy)
    WDG0_IRQHandler                          0x00005e11   Thumb Code     2  vector_table_copy.o(.text.WDG0_IRQHandler)
    eTMR0_CH_0_7_IRQHandler                  0x00007197   Thumb Code     2  vector_table_copy.o(.text.eTMR0_CH_0_7_IRQHandler)
    eTMR0_Fault_IRQHandler                   0x00007199   Thumb Code     2  vector_table_copy.o(.text.eTMR0_Fault_IRQHandler)
    eTMR0_Ovf_IRQHandler                     0x0000719b   Thumb Code     2  vector_table_copy.o(.text.eTMR0_Ovf_IRQHandler)
    eTMR1_IRQHandler                         0x0000719d   Thumb Code     2  vector_table_copy.o(.text.eTMR1_IRQHandler)
    eTMR2_IRQHandler                         0x0000719f   Thumb Code     2  vector_table_copy.o(.text.eTMR2_IRQHandler)
    lpTMR0_IRQHandler                        0x000071a1   Thumb Code     2  vector_table_copy.o(.text.lpTMR0_IRQHandler)
    main                                     0x000071a5   Thumb Code   124  main.o(.text.main)
    pTMR0_IRQHandler                         0x0000723d   Thumb Code    68  main.o(.text.pTMR0_IRQHandler)
    pTMR_DRV_ClearInterruptFlagTimerChannels 0x00007285   Thumb Code    20  ptmr_driver.o(.text.pTMR_DRV_ClearInterruptFlagTimerChannels)
    pTMR_DRV_GetInterruptFlagTimerChannels   0x00007299   Thumb Code    12  ptmr_driver.o(.text.pTMR_DRV_GetInterruptFlagTimerChannels)
    pTMR_DRV_Init                            0x000072a9   Thumb Code   124  ptmr_driver.o(.text.pTMR_DRV_Init)
    pTMR_DRV_InitChannel                     0x00007329   Thumb Code   172  ptmr_driver.o(.text.pTMR_DRV_InitChannel)
    pTMR_DRV_StartTimerChannels              0x000073e5   Thumb Code    16  ptmr_driver.o(.text.pTMR_DRV_StartTimerChannels)
    printf_                                  0x00007505   Thumb Code    44  printf.o(.text.printf_)
    printf_char                              0x00007535   Thumb Code    20  utility_print_config.o(.text.printf_char)
    sprintf_                                 0x00007549   Thumb Code    44  printf.o(.text.sprintf_)
    u8g2_ClearBuffer                         0x00007579   Thumb Code    22  u8g2_buffer.o(.text.u8g2_ClearBuffer)
    u8g2_DrawCircle                          0x0000758f   Thumb Code   162  u8g2_circle.o(.text.u8g2_DrawCircle)
    u8g2_DrawHLine                           0x00007631   Thumb Code   158  u8g2_hvline.o(.text.u8g2_DrawHLine)
    u8g2_DrawHVLine                          0x000076cf   Thumb Code   354  u8g2_hvline.o(.text.u8g2_DrawHVLine)
    u8g2_DrawHXBMP                           0x00007831   Thumb Code   198  u8g2_bitmap.o(.text.u8g2_DrawHXBMP)
    u8g2_DrawLine                            0x000078f9   Thumb Code   180  u8g2_line.o(.text.u8g2_DrawLine)
    u8g2_DrawPixel                           0x000079b1   Thumb Code   128  u8g2_hvline.o(.text.u8g2_DrawPixel)
    u8g2_DrawPolygon                         0x00007a31   Thumb Code   356  u8g2_polygon.o(.text.u8g2_DrawPolygon)
    u8g2_DrawRFrame                          0x00007b9d   Thumb Code   242  u8g2_box.o(.text.u8g2_DrawRFrame)
    u8g2_DrawTriangle                        0x00007c91   Thumb Code    32  u8g2_polygon.o(.text.u8g2_DrawTriangle)
    u8g2_DrawUTF8                            0x00007cb5   Thumb Code    12  u8g2_font.o(.text.u8g2_DrawUTF8)
    u8g2_DrawVLine                           0x00007cc5   Thumb Code   158  u8g2_hvline.o(.text.u8g2_DrawVLine)
    u8g2_DrawXBMP                            0x00007d63   Thumb Code    74  u8g2_bitmap.o(.text.u8g2_DrawXBMP)
    u8g2_IsIntersection                      0x00007dad   Thumb Code   134  u8g2_intersection.o(.text.u8g2_IsIntersection)
    u8g2_SendBuffer                          0x00007e33   Thumb Code    16  u8g2_buffer.o(.text.u8g2_SendBuffer)
    u8g2_SetFont                             0x00007e43   Thumb Code   180  u8g2_font.o(.text.u8g2_SetFont)
    u8g2_SetFontDirection                    0x00007ef7   Thumb Code     6  u8g2_font.o(.text.u8g2_SetFontDirection)
    u8g2_SetFontPosBaseline                  0x00007efd   Thumb Code     8  u8g2_font.o(.text.u8g2_SetFontPosBaseline)
    u8g2_SetupBuffer                         0x00007f09   Thumb Code    80  u8g2_setup.o(.text.u8g2_SetupBuffer)
    u8g2_Setup_ssd1306_128x64_noname_f       0x00007f5d   Thumb Code    48  u8g2_d_setup.o(.text.u8g2_Setup_ssd1306_128x64_noname_f)
    u8g2_add_vector_x                        0x00007f99   Thumb Code    36  u8g2_font.o(.text.u8g2_add_vector_x)
    u8g2_add_vector_y                        0x00007fbd   Thumb Code    36  u8g2_font.o(.text.u8g2_add_vector_y)
    u8g2_draw_hv_line_2dir                   0x000080a7   Thumb Code    22  u8g2_hvline.o(.text.u8g2_draw_hv_line_2dir)
    u8g2_draw_l90_r0                         0x000080bd   Thumb Code    16  u8g2_setup.o(.text.u8g2_draw_l90_r0)
    u8g2_font_calc_vref_font                 0x000081c9   Thumb Code     4  u8g2_font.o(.text.u8g2_font_calc_vref_font)
    u8g2_font_decode_glyph                   0x000081cd   Thumb Code   944  u8g2_font.o(.text.u8g2_font_decode_glyph)
    u8g2_font_get_glyph_data                 0x0000857d   Thumb Code   142  u8g2_font.o(.text.u8g2_font_get_glyph_data)
    u8g2_gpio_and_delay_YTM                  0x00008619   Thumb Code   152  u8g2_d.o(.text.u8g2_gpio_and_delay_YTM)
    u8g2_init                                0x000086b9   Thumb Code    56  u8g2_d.o(.text.u8g2_init)
    u8g2_ll_hvline_vertical_top_lsb          0x00008705   Thumb Code   136  u8g2_ll_hvline.o(.text.u8g2_ll_hvline_vertical_top_lsb)
    u8g2_m_16_8_f                            0x0000878d   Thumb Code     8  u8g2_d_memory.o(.text.u8g2_m_16_8_f)
    u8g2_update_dimension_r0                 0x000087ed   Thumb Code    52  u8g2_setup.o(.text.u8g2_update_dimension_r0)
    u8g2_update_page_win_r0                  0x00008821   Thumb Code    98  u8g2_setup.o(.text.u8g2_update_page_win_r0)
    u8x8_DrawTile                            0x00008883   Thumb Code    30  u8x8_display.o(.text.u8x8_DrawTile)
    u8x8_InitDisplay                         0x000088a1   Thumb Code    14  u8x8_display.o(.text.u8x8_InitDisplay)
    u8x8_RefreshDisplay                      0x000088af   Thumb Code    14  u8x8_display.o(.text.u8x8_RefreshDisplay)
    u8x8_SetPowerSave                        0x000088bd   Thumb Code    14  u8x8_display.o(.text.u8x8_SetPowerSave)
    u8x8_Setup                               0x000088cb   Thumb Code    40  u8x8_setup.o(.text.u8x8_Setup)
    u8x8_SetupMemory                         0x000088f3   Thumb Code    14  u8x8_display.o(.text.u8x8_SetupMemory)
    u8x8_byte_4write_hw_spi                  0x00008901   Thumb Code   128  u8x8_byte.o(.text.u8x8_byte_4write_hw_spi)
    u8x8_byte_SendByte                       0x00008985   Thumb Code    18  u8x8_byte.o(.text.u8x8_byte_SendByte)
    u8x8_byte_SendBytes                      0x00008997   Thumb Code    14  u8x8_byte.o(.text.u8x8_byte_SendBytes)
    u8x8_byte_SetDC                          0x000089a5   Thumb Code    14  u8x8_byte.o(.text.u8x8_byte_SetDC)
    u8x8_cad_001                             0x000089b5   Thumb Code    88  u8x8_cad.o(.text.u8x8_cad_001)
    u8x8_cad_EndTransfer                     0x00008a0d   Thumb Code    14  u8x8_cad.o(.text.u8x8_cad_EndTransfer)
    u8x8_cad_SendArg                         0x00008a1b   Thumb Code    14  u8x8_cad.o(.text.u8x8_cad_SendArg)
    u8x8_cad_SendCmd                         0x00008a29   Thumb Code    14  u8x8_cad.o(.text.u8x8_cad_SendCmd)
    u8x8_cad_SendData                        0x00008a37   Thumb Code    14  u8x8_cad.o(.text.u8x8_cad_SendData)
    u8x8_cad_SendSequence                    0x00008a45   Thumb Code   108  u8x8_cad.o(.text.u8x8_cad_SendSequence)
    u8x8_cad_StartTransfer                   0x00008ab1   Thumb Code    14  u8x8_cad.o(.text.u8x8_cad_StartTransfer)
    u8x8_d_helper_display_init               0x00008abf   Thumb Code   106  u8x8_display.o(.text.u8x8_d_helper_display_init)
    u8x8_d_helper_display_setup_memory       0x00008b29   Thumb Code    10  u8x8_display.o(.text.u8x8_d_helper_display_setup_memory)
    u8x8_d_ssd1306_128x64_noname             0x00008b35   Thumb Code    68  u8x8_d_ssd1306_128x64_noname.o(.text.u8x8_d_ssd1306_128x64_noname)
    u8x8_gpio_call                           0x00008c61   Thumb Code    10  u8x8_gpio.o(.text.u8x8_gpio_call)
    u8x8_utf8_init                           0x00008c6b   Thumb Code     8  u8x8_8x8.o(.text.u8x8_utf8_init)
    u8x8_utf8_next                           0x00008c75   Thumb Code   124  u8x8_8x8.o(.text.u8x8_utf8_next)
    CopyLayout                               0x00008cf8   Data          32  raminit1.o(.rodata.CopyLayout)
    I2C_MasterConfig0                        0x00008d18   Data          24  i2c_config.o(.rodata.I2C_MasterConfig0)
    I2C_MasterConfig1                        0x00008d30   Data          24  i2c_config.o(.rodata.I2C_MasterConfig1)
    PTMR_Config                              0x00008d48   Data           1  ptmr_config.o(.rodata.PTMR_Config)
    ZeroLayout                               0x00008d4c   Data          12  raminit1.o(.rodata.ZeroLayout)
    adc_config0                              0x00008da8   Data          38  adc_config.o(.rodata.adc_config0)
    clockNameMappings                        0x00008dce   Data          90  clock_ytm32b1lx.o(.rodata.clockNameMappings)
    clock_config0CmuConfig                   0x00008e28   Data          12  clock_config.o(.rodata.clock_config0CmuConfig)
    clock_config0ScuConfig                   0x00008e34   Data          36  clock_config.o(.rodata.clock_config0ScuConfig)
    g_linUartBase                            0x00008e6c   Data          12  lin_uart_driver.o(.rodata.g_linUartBase)
    g_linUartRxTxIrqId                       0x00008e78   Data           3  lin_uart_driver.o(.rodata.g_linUartRxTxIrqId)
    g_pin_mux_InitConfigArr0                 0x00008e7c   Data         532  pin_mux.o(.rodata.g_pin_mux_InitConfigArr0)
    ptmr_channel_0                           0x00009090   Data          12  ptmr_config.o(.rodata.ptmr_channel_0)
    ptmr_channel_1                           0x0000909c   Data          12  ptmr_config.o(.rodata.ptmr_channel_1)
    s_spiClkNames                            0x000090a8   Data           3  spi_shared_function.o(.rodata.s_spiClkNames)
    spi_MasterConfig0                        0x000090c0   Data          28  spi_config.o(.rodata.spi_MasterConfig0)
    u8g2_cb_r0                               0x00009128   Data          12  u8g2_setup.o(.rodata.u8g2_cb_r0)
    u8g2_font_wqy12_t_chinese3               0x00009134   Data       13526  u8g2_fonts.o(.rodata.u8g2_font_wqy12_t_chinese3)
    uart_config0                             0x0000c670   Data          12  uart_config.o(.rodata.uart_config0)
    __ARM_clz                                0x0000c67d   Thumb Code    46  depilogue.o(i.__ARM_clz)
    ceil                                     0x0000c6ad   Thumb Code   180  ceil.o(i.ceil)
    Load$$CODE_RAM_end$$Limit                0x0000c774   Number         0  anon$$obj.o ABSOLUTE
    Load$$CODE_RAM_start$$Base               0x0000c774   Number         0  anon$$obj.o ABSOLUTE
    Load$$DATA_RAM_start$$Base               0x0000c774   Number         0  anon$$obj.o ABSOLUTE
    Load$$DATA_RAM_end$$Limit                0x0000ca48   Number         0  anon$$obj.o ABSOLUTE
    Image$$IVT_RAM_start$$Base               0x20000000   Number         0  anon$$obj.o ABSOLUTE
    AINX                                     0x20000400   Data           4  joystick.o(.bss.AINX)
    Image$$BSS_start$$Base                   0x20000400   Number         0  anon$$obj.o ABSOLUTE
    AINY                                     0x20000404   Data           4  joystick.o(.bss.AINY)
    Current                                  0x2000040c   Data          36  u8g2_d.o(.bss.Current)
    Current_vlue                             0x20000430   Data           8  main.o(.bss.Current_vlue)
    Currflag                                 0x20000438   Data           1  main.o(.bss.Currflag)
    Ele_Buff                                 0x20000439   Data         100  u8g2_d.o(.bss.Ele_Buff)
    I2C_MasterConfig0_State                  0x200004a0   Data          68  i2c_config.o(.bss.I2C_MasterConfig0_State)
    I2C_MasterConfig1_State                  0x200004e4   Data          68  i2c_config.o(.bss.I2C_MasterConfig1_State)
    Ina226                                   0x20000528   Data          16  main.o(.bss.Ina226)
    Lin_buff                                 0x2000053c   Data          30  u8g2_d.o(.bss.Lin_buff)
    OLED_GRAM                                0x20000569   Data        1152  u8g2_d.o(.bss.OLED_GRAM)
    PotenmeterFlag                           0x200009e9   Data           1  joystick.o(.bss.PotenmeterFlag)
    g_clockManCallbacksArr                   0x200009ec   Data           4  clock_config.o(.bss.g_clockManCallbacksArr)
    g_i2cMasterStatePtr                      0x20000a0c   Data           8  i2c_driver.o(.bss.g_i2cMasterStatePtr)
    g_i2cSlaveStatePtr                       0x20000a14   Data           8  i2c_driver.o(.bss.g_i2cSlaveStatePtr)
    g_linStatePtr                            0x20000a20   Data          12  lin_uart_driver.o(.bss.g_linStatePtr)
    g_linUserconfigPtr                       0x20000a2c   Data          12  lin_uart_driver.o(.bss.g_linUserconfigPtr)
    g_spiStatePtr                            0x20000a38   Data          12  spi_shared_function.o(.bss.g_spiStatePtr)
    lin_config0_State                        0x20000a48   Data          44  lin_config.o(.bss.lin_config0_State)
    spi_MasterConfig0_State                  0x20000aac   Data          52  spi_config.o(.bss.spi_MasterConfig0_State)
    u8g2                                     0x20000ae0   Data         148  u8g2_d.o(.bss.u8g2)
    u8g2_pg                                  0x20000f74   Data          76  u8g2_polygon.o(.bss.u8g2_pg)
    uart_config0_State                       0x20000fc0   Data          52  uart_config.o(.bss.uart_config0_State)
    ICON                                     0x20000ff4   Data         600  u8g2_d.o(.data.ICON)
    Image$$BSS_end$$Limit                    0x20000ff4   Number         0  anon$$obj.o ABSOLUTE
    Image$$CODE_RAM_start$$Base              0x20000ff4   Number         0  anon$$obj.o ABSOLUTE
    Image$$DATA_RAM_start$$Base              0x20000ff4   Number         0  anon$$obj.o ABSOLUTE
    SystemCoreClock                          0x20001254   Data           4  system_ytm32b1le0.o(.data.SystemCoreClock)
    clock_config0ClockManager                0x2000125c   Data          16  clock_config.o(.data.clock_config0ClockManager)
    clock_config0PeripheralClockConfig       0x2000126c   Data          28  clock_config.o(.data.clock_config0PeripheralClockConfig)
    g_clockManConfigsArr                     0x20001288   Data           4  clock_config.o(.data.g_clockManConfigsArr)
    g_linUartIsrs                            0x2000128c   Data          12  lin_irq.o(.data.g_linUartIsrs)
    g_spiBase                                0x20001298   Data          12  spi_shared_function.o(.data.g_spiBase)
    g_spiIrqId                               0x200012a4   Data           3  spi_shared_function.o(.data.g_spiIrqId)
    g_uartIsr                                0x200012a8   Data          12  uart_irq.o(.data.g_uartIsr)
    lin_config0                              0x200012b4   Data          20  lin_config.o(.data.lin_config0)
    Image$$STACK_end$$Limit                  0x20004000   Number         0  anon$$obj.o ABSOLUTE



==============================================================================

Memory Map of the image

  Image Entry point : 0x00000465

  Load Region LR_IVT_0 (Base: 0x00000000, Size: 0x000000c0, Max: 0xffffffff, ABSOLUTE)

    Execution Region IVT_start (Exec base: 0x00000000, Load base: 0x00000000, Size: 0x00000000, Max: 0x00000000, ABSOLUTE, FIXED)

    Exec Addr    Load Addr    Size         Type   Attr      Idx    E Section Name        Object

    0x00000000        -       0x00000000   Zero   RW            1    IVT_start.bss       anon$$obj.o


    Execution Region isr_vector_region_start (Exec base: 0x00000000, Load base: 0x00000000, Size: 0x00000000, Max: 0x00000000, ABSOLUTE, FIXED)

    Exec Addr    Load Addr    Size         Type   Attr      Idx    E Section Name        Object

    0x00000000        -       0x00000000   Zero   RW            2    isr_vector_region_start.bss  anon$$obj.o


    Execution Region isr_vector_region (Exec base: 0x00000000, Load base: 0x00000000, Size: 0x000000c0, Max: 0xffffffff, ABSOLUTE)

    Exec Addr    Load Addr    Size         Type   Attr      Idx    E Section Name        Object

    0x00000000   0x00000000   0x000000c0   Code   RO          104    .isr_vector         vector.o


    Execution Region isr_vector_region_end (Exec base: 0x000000c0, Load base: 0x000000c0, Size: 0x00000000, Max: 0x00000000, ABSOLUTE)

    Exec Addr    Load Addr    Size         Type   Attr      Idx    E Section Name        Object

    0x000000c0        -       0x00000000   Zero   RW            3    isr_vector_region_end.bss  anon$$obj.o


    Execution Region IVT_end (Exec base: 0x000000c0, Load base: 0x000000c0, Size: 0x00000000, Max: 0x00000000, ABSOLUTE)

    Exec Addr    Load Addr    Size         Type   Attr      Idx    E Section Name        Object

    0x000000c0        -       0x00000000   Zero   RW            4    IVT_end.bss         anon$$obj.o



  Load Region LR_TEXT_0 (Base: 0x00000400, Size: 0x0000c374, Max: 0xffffffff, ABSOLUTE)

    Execution Region TEXT_start (Exec base: 0x00000400, Load base: 0x00000400, Size: 0x00000000, Max: 0x00000000, ABSOLUTE, FIXED)

    Exec Addr    Load Addr    Size         Type   Attr      Idx    E Section Name        Object

    0x00000400        -       0x00000000   Zero   RW            5    TEXT_start.bss      anon$$obj.o


    Execution Region text_region_start (Exec base: 0x00000400, Load base: 0x00000400, Size: 0x00000000, Max: 0x00000000, ABSOLUTE, FIXED)

    Exec Addr    Load Addr    Size         Type   Attr      Idx    E Section Name        Object

    0x00000400        -       0x00000000   Zero   RW            6    text_region_start.bss  anon$$obj.o


    Execution Region text_region (Exec base: 0x00000400, Load base: 0x00000400, Size: 0x000088f4, Max: 0xffffffff, ABSOLUTE)

    Exec Addr    Load Addr    Size         Type   Attr      Idx    E Section Name        Object

    0x00000400   0x00000400   0x00000064   Code   RO           76    .text               raminit0.o
    0x00000464   0x00000464   0x00000054   Code   RO          101  * .text               startup.o
    0x000004b8   0x000004b8   0x00000060   Code   RO         2721    .text               mc_p.l(uldiv.o)
    0x00000518   0x00000518   0x00000030   Code   RO         2723    .text               mc_p.l(llmul.o)
    0x00000548   0x00000548   0x00000024   Code   RO         2725    .text               mc_p.l(memcpya.o)
    0x0000056c   0x0000056c   0x00000024   Code   RO         2727    .text               mc_p.l(memseta.o)
    0x00000590   0x00000590   0x00000164   Code   RO         2731    .text               mf_p.l(dadd.o)
    0x000006f4   0x000006f4   0x000000d0   Code   RO         2733    .text               mf_p.l(dmul.o)
    0x000007c4   0x000007c4   0x000000f0   Code   RO         2735    .text               mf_p.l(ddiv.o)
    0x000008b4   0x000008b4   0x0000002c   Code   RO         2737    .text               mf_p.l(dcmple.o)
    0x000008e0   0x000008e0   0x0000002c   Code   RO         2739    .text               mf_p.l(dcmplt.o)
    0x0000090c   0x0000090c   0x0000002c   Code   RO         2741    .text               mf_p.l(dcmpge.o)
    0x00000938   0x00000938   0x0000002c   Code   RO         2743    .text               mf_p.l(dcmpgt.o)
    0x00000964   0x00000964   0x00000028   Code   RO         2745    .text               mf_p.l(dflti.o)
    0x0000098c   0x0000098c   0x0000001c   Code   RO         2747    .text               mf_p.l(dfltui.o)
    0x000009a8   0x000009a8   0x00000048   Code   RO         2749    .text               mf_p.l(dfixi.o)
    0x000009f0   0x000009f0   0x0000003c   Code   RO         2751    .text               mf_p.l(dfixui.o)
    0x00000a2c   0x00000a2c   0x0000003e   Code   RO         2759    .text               mc_p.l(uidiv_div0.o)
    0x00000a6a   0x00000a6a   0x00000002   PAD
    0x00000a6c   0x00000a6c   0x00000050   Code   RO         2761    .text               mc_p.l(idiv_div0.o)
    0x00000abc   0x00000abc   0x00000020   Code   RO         2765    .text               mc_p.l(llshl.o)
    0x00000adc   0x00000adc   0x00000022   Code   RO         2767    .text               mc_p.l(llushr.o)
    0x00000afe   0x00000afe   0x00000026   Code   RO         2769    .text               mc_p.l(llsshr.o)
    0x00000b24   0x00000b24   0x00000000   Code   RO         2771    .text               mc_p.l(iusefp.o)
    0x00000b24   0x00000b24   0x000000be   Code   RO         2774    .text               mf_p.l(depilogue.o)
    0x00000be2   0x00000be2   0x00000002   PAD
    0x00000be4   0x00000be4   0x00000028   Code   RO         2778    .text               mf_p.l(cdrcmple.o)
    0x00000c0c   0x00000c0c   0x00000002   Code   RO          178    .text.ACMP0_IRQHandler  vector_table_copy.o
    0x00000c0e   0x00000c0e   0x00000002   PAD
    0x00000c10   0x00000c10   0x00000028   Code   RO           44    .text.ADC0_IRQHandler  main.o
    0x00000c38   0x00000c38   0x0000000c   Code   RO          874    .text.ADC_DRV_ClearEoseqFlagCmd  adc_driver.o
    0x00000c44   0x00000c44   0x0000014c   Code   RO          814    .text.ADC_DRV_ConfigConverter  adc_driver.o
    0x00000d90   0x00000d90   0x000000d4   Code   RO          816    .text.ADC_DRV_ConfigSequence  adc_driver.o
    0x00000e64   0x00000e64   0x0000000c   Code   RO          860    .text.ADC_DRV_ReadFIFO  adc_driver.o
    0x00000e70   0x00000e70   0x00000020   Code   RO          832    .text.ADC_DRV_Start  adc_driver.o
    0x00000e90   0x00000e90   0x0000003c   Code   RO         2667    .text.AutoFox_INA226_GetCurrent_uA  autofox_ina226.o
    0x00000ecc   0x00000ecc   0x0000018c   Code   RO         2653    .text.AutoFox_INA226_Init  autofox_ina226.o
    0x00001058   0x00001058   0x000000b0   Code   RO           38    .text.Board_Init    main.o
    0x00001108   0x00001108   0x00000080   Code   RO         2621    .text.Botton_Scan   joystick.o
    0x00001188   0x00001188   0x00000002   Code   RO          144    .text.CAN0_ORed_0_15_MB_IRQHandler  vector_table_copy.o
    0x0000118a   0x0000118a   0x00000002   Code   RO          156    .text.CAN0_ORed_16_31_MB_IRQHandler  vector_table_copy.o
    0x0000118c   0x0000118c   0x00000002   Code   RO          142    .text.CAN0_ORed_Err_Wakeup_IRQHandler  vector_table_copy.o
    0x0000118e   0x0000118e   0x00000002   PAD
    0x00001190   0x00001190   0x0000012c   Code   RO          276    .text.CLOCK_DRV_GetFreq  clock_ytm32b1lx.o
    0x000012bc   0x000012bc   0x0000047c   Code   RO          268    .text.CLOCK_DRV_Init  clock_ytm32b1lx.o
    0x00001738   0x00001738   0x00000024   Code   RO          272    .text.CLOCK_DRV_ResetModule  clock_ytm32b1lx.o
    0x0000175c   0x0000175c   0x00000008   Code   RO          288    .text.CLOCK_SYS_GetFreq  clock_ytm32b1lx.o
    0x00001764   0x00001764   0x00000020   Code   RO          278    .text.CLOCK_SYS_Init  clock_ytm32b1lx.o
    0x00001784   0x00001784   0x0000014c   Code   RO          280    .text.CLOCK_SYS_UpdateConfiguration  clock_ytm32b1lx.o
    0x000018d0   0x000018d0   0x0000000a   Code   RO          532    .text.DMA0_IRQHandler  dma_irq.o
    0x000018da   0x000018da   0x0000000a   Code   RO          534    .text.DMA1_IRQHandler  dma_irq.o
    0x000018e4   0x000018e4   0x0000000a   Code   RO          536    .text.DMA2_IRQHandler  dma_irq.o
    0x000018ee   0x000018ee   0x0000000a   Code   RO          538    .text.DMA3_IRQHandler  dma_irq.o
    0x000018f8   0x000018f8   0x0000002c   Code   RO          498    .text.DMA_CTSClearReg  dma_hw_access.o
    0x00001924   0x00001924   0x00000028   Code   RO          508    .text.DMA_CTSSetAttribute  dma_hw_access.o
    0x0000194c   0x0000194c   0x00000048   Code   RO          510    .text.DMA_CTSSetNbytes  dma_hw_access.o
    0x00001994   0x00001994   0x0000004c   Code   RO          518    .text.DMA_CTSSetTriggerCount  dma_hw_access.o
    0x000019e0   0x000019e0   0x0000004c   Code   RO          434    .text.DMA_DRV_ConfigMultiBlockTransfer  dma_driver.o
    0x00001a2c   0x00001a2c   0x000000f0   Code   RO          432    .text.DMA_DRV_ConfigSingleBlockTransfer  dma_driver.o
    0x00001b1c   0x00001b1c   0x00000020   Code   RO          474    .text.DMA_DRV_DisableRequestsOnTransferComplete  dma_driver.o
    0x00001b3c   0x00001b3c   0x0000003c   Code   RO          430    .text.DMA_DRV_ErrorIRQHandler  dma_driver.o
    0x00001b78   0x00001b78   0x00000004   Code   RO          484    .text.DMA_DRV_GetDmaRegBaseAddr  dma_driver.o
    0x00001b7c   0x00001b7c   0x00000030   Code   RO          428    .text.DMA_DRV_IRQHandler  dma_driver.o
    0x00001bac   0x00001bac   0x00000018   Code   RO          426    .text.DMA_DRV_InstallCallback  dma_driver.o
    0x00001bc4   0x00001bc4   0x0000000c   Code   RO          424    .text.DMA_DRV_SetChannelRequestAndTrigger  dma_driver.o
    0x00001bd0   0x00001bd0   0x00000010   Code   RO          456    .text.DMA_DRV_SetSrcLastAddrAdjustment  dma_driver.o
    0x00001be0   0x00001be0   0x00000014   Code   RO          444    .text.DMA_DRV_StartChannel  dma_driver.o
    0x00001bf4   0x00001bf4   0x00000018   Code   RO          446    .text.DMA_DRV_StopChannel  dma_driver.o
    0x00001c0c   0x00001c0c   0x00000028   Code   RO          540    .text.DMA_Error_IRQHandler  dma_irq.o
    0x00001c34   0x00001c34   0x00000018   Code   RO          506    .text.DMA_SetDmaRequestCmd  dma_hw_access.o
    0x00001c4c   0x00001c4c   0x00000002   Code   RO          110    .text.DefaultISR    vector_table_copy.o
    0x00001c4e   0x00001c4e   0x00000002   Code   RO          158    .text.EFM_IRQHandler  vector_table_copy.o
    0x00001c50   0x00001c50   0x00000002   Code   RO          132    .text.EMU0_IRQHandler  vector_table_copy.o
    0x00001c52   0x00001c52   0x00000002   Code   RO          140    .text.GPIO_IRQHandler  vector_table_copy.o
    0x00001c54   0x00001c54   0x00000002   Code   RO          114    .text.HardFault_Handler  vector_table_copy.o
    0x00001c56   0x00001c56   0x0000000a   Code   RO          757    .text.I2C0_IRQHandler  i2c_irq.o
    0x00001c60   0x00001c60   0x0000000a   Code   RO          759    .text.I2C1_IRQHandler  i2c_irq.o
    0x00001c6a   0x00001c6a   0x00000002   PAD
    0x00001c6c   0x00001c6c   0x000000c4   Code   RO          741    .text.I2C_DRV_MasterCompletDMATransfer  i2c_driver.o
    0x00001d30   0x00001d30   0x00000434   Code   RO          709    .text.I2C_DRV_MasterIRQHandler  i2c_driver.o
    0x00002164   0x00002164   0x00000120   Code   RO          679    .text.I2C_DRV_MasterInit  i2c_driver.o
    0x00002284   0x00002284   0x000000d4   Code   RO          701    .text.I2C_DRV_MasterReceiveData  i2c_driver.o
    0x00002358   0x00002358   0x00000058   Code   RO          703    .text.I2C_DRV_MasterReceiveDataBlocking  i2c_driver.o
    0x000023b0   0x000023b0   0x00000060   Code   RO          711    .text.I2C_DRV_MasterReinit  i2c_driver.o
    0x00002410   0x00002410   0x0000012a   Code   RO          693    .text.I2C_DRV_MasterSendAddress  i2c_driver.o
    0x0000253a   0x0000253a   0x00000002   PAD
    0x0000253c   0x0000253c   0x000000cc   Code   RO          689    .text.I2C_DRV_MasterSendData  i2c_driver.o
    0x00002608   0x00002608   0x00000050   Code   RO          695    .text.I2C_DRV_MasterSendDataBlocking  i2c_driver.o
    0x00002658   0x00002658   0x00000200   Code   RO          681    .text.I2C_DRV_MasterSetBaudRate  i2c_driver.o
    0x00002858   0x00002858   0x00000014   Code   RO          683    .text.I2C_DRV_MasterSetSlaveAddr  i2c_driver.o
    0x0000286c   0x0000286c   0x0000013c   Code   RO          691    .text.I2C_DRV_MasterStartDmaTransfer  i2c_driver.o
    0x000029a8   0x000029a8   0x0000015c   Code   RO          697    .text.I2C_DRV_MasterWaitTransferEnd  i2c_driver.o
    0x00002b04   0x00002b04   0x00000018   Code   RO          739    .text.I2C_DRV_ModuleIRQHandler  i2c_driver.o
    0x00002b1c   0x00002b1c   0x00000308   Code   RO          737    .text.I2C_DRV_SlaveIRQHandler  i2c_driver.o
    0x00002e24   0x00002e24   0x000000bc   Code   RO          723    .text.I2C_DRV_SlaveStartDmaTransfer  i2c_driver.o
    0x00002ee0   0x00002ee0   0x0000000c   Code   RO          395    .text.INT_SYS_DisableIRQGlobal  interrupt_manager.o
    0x00002eec   0x00002eec   0x00000018   Code   RO          389    .text.INT_SYS_EnableIRQ  interrupt_manager.o
    0x00002f04   0x00002f04   0x00000018   Code   RO          393    .text.INT_SYS_EnableIRQGlobal  interrupt_manager.o
    0x00002f1c   0x00002f1c   0x00000020   Code   RO          387    .text.INT_SYS_InstallHandler  interrupt_manager.o
    0x00002f3c   0x00002f3c   0x00000008   Code   RO         1119    .text.LIN_DRV_IRQHandler  lin_driver.o
    0x00002f44   0x00002f44   0x00000008   Code   RO         1079    .text.LIN_DRV_Init  lin_driver.o
    0x00002f4c   0x00002f4c   0x0000003a   Code   RO         1069    .text.LIN_DRV_MakeChecksumByte  lin_common.o
    0x00002f86   0x00002f86   0x00000046   Code   RO         1067    .text.LIN_DRV_ProcessParity  lin_common.o
    0x00002fcc   0x00002fcc   0x0000000a   Code   RO         1131    .text.LIN_UART0_RxTx_IRQHandler  lin_irq.o
    0x00002fd6   0x00002fd6   0x0000000a   Code   RO         1133    .text.LIN_UART1_RxTx_IRQHandler  lin_irq.o
    0x00002fe0   0x00002fe0   0x0000000a   Code   RO         1135    .text.LIN_UART2_RxTx_IRQHandler  lin_irq.o
    0x00002fea   0x00002fea   0x00000002   PAD
    0x00002fec   0x00002fec   0x00000650   Code   RO          926    .text.LIN_UART_DRV_IRQHandler  lin_uart_driver.o
    0x0000363c   0x0000363c   0x00000178   Code   RO          886    .text.LIN_UART_DRV_Init  lin_uart_driver.o
    0x000037b4   0x000037b4   0x00000198   Code   RO          894    .text.LIN_UART_DRV_SendFrameDataBlocking  lin_uart_driver.o
    0x0000394c   0x0000394c   0x000005f8   Code   RO         2581    .text.Menu_Show     u8g2_d.o
    0x00003f44   0x00003f44   0x00000094   Code   RO         2579    .text.Move          u8g2_d.o
    0x00003fd8   0x00003fd8   0x00000002   Code   RO          112    .text.NMI_Handler   vector_table_copy.o
    0x00003fda   0x00003fda   0x00000002   PAD
    0x00003fdc   0x00003fdc   0x000005ec   Code   RO         2593    .text.OLED_Init     u8g2_d.o
    0x000045c8   0x000045c8   0x00000134   Code   RO         2589    .text.OLED_Refresh  u8g2_d.o
    0x000046fc   0x000046fc   0x00000014   Code   RO         1163    .text.OSIF_SemaCreate  osif_baremetal.o
    0x00004710   0x00004710   0x00000022   Code   RO         1161    .text.OSIF_SemaPost  osif_baremetal.o
    0x00004732   0x00004732   0x00000002   PAD
    0x00004734   0x00004734   0x00000094   Code   RO         1159    .text.OSIF_SemaWait  osif_baremetal.o
    0x000047c8   0x000047c8   0x00000050   Code   RO         1147    .text.OSIF_TimeDelay  osif_baremetal.o
    0x00004818   0x00004818   0x00000002   Code   RO          162    .text.PCU_CMU_IRQHandler  vector_table_copy.o
    0x0000481a   0x0000481a   0x0000001a   Code   RO          307    .text.PINS_DRV_Init  pins_driver.o
    0x00004834   0x00004834   0x00000110   Code   RO          361    .text.PINS_Init     pins_port_hw_access.o
    0x00004944   0x00004944   0x00000002   Code   RO          118    .text.PendSV_Handler  vector_table_copy.o
    0x00004946   0x00004946   0x00000002   PAD
    0x00004948   0x00004948   0x00000058   Code   RO         2617    .text.Potenmeter    joystick.o
    0x000049a0   0x000049a0   0x00000002   Code   RO          134    .text.RTC_IRQHandler  vector_table_copy.o
    0x000049a2   0x000049a2   0x00000002   PAD
    0x000049a4   0x000049a4   0x00000124   Code   RO           82    .text.RamInit1      raminit1.o
    0x00004ac8   0x00004ac8   0x00000002   Code   RO           94    .text.RamInit2      raminit2.o
    0x00004aca   0x00004aca   0x0000000a   Code   RO          580    .text.SPI0_IRQHandler  spi_irq.o
    0x00004ad4   0x00004ad4   0x0000000a   Code   RO          582    .text.SPI1_IRQHandler  spi_irq.o
    0x00004ade   0x00004ade   0x0000000a   Code   RO          584    .text.SPI2_IRQHandler  spi_irq.o
    0x00004ae8   0x00004ae8   0x00000016   Code   RO          558    .text.SPI_ClearStatusFlag  spi_hw_access.o
    0x00004afe   0x00004afe   0x00000002   PAD
    0x00004b00   0x00004b00   0x0000002c   Code   RO          639    .text.SPI_DRV_DisableTEIEInterrupts  spi_shared_function.o
    0x00004b2c   0x00004b2c   0x000000ac   Code   RO          635    .text.SPI_DRV_FillupTxBuffer  spi_shared_function.o
    0x00004bd8   0x00004bd8   0x00000020   Code   RO          633    .text.SPI_DRV_IRQHandler  spi_shared_function.o
    0x00004bf8   0x00004bf8   0x00000054   Code   RO          623    .text.SPI_DRV_MasterCompleteDMATransfer  spi_master_driver.o
    0x00004c4c   0x00004c4c   0x00000030   Code   RO          621    .text.SPI_DRV_MasterCompleteRX  spi_master_driver.o
    0x00004c7c   0x00004c7c   0x00000084   Code   RO          609    .text.SPI_DRV_MasterCompleteTransfer  spi_master_driver.o
    0x00004d00   0x00004d00   0x000000f0   Code   RO          597    .text.SPI_DRV_MasterConfigureBus  spi_master_driver.o
    0x00004df0   0x00004df0   0x000000e0   Code   RO          619    .text.SPI_DRV_MasterIRQHandler  spi_master_driver.o
    0x00004ed0   0x00004ed0   0x00000088   Code   RO          595    .text.SPI_DRV_MasterInit  spi_master_driver.o
    0x00004f58   0x00004f58   0x000001c0   Code   RO          607    .text.SPI_DRV_MasterStartTransfer  spi_master_driver.o
    0x00005118   0x00005118   0x00000010   Code   RO          611    .text.SPI_DRV_MasterTransfer  spi_master_driver.o
    0x00005128   0x00005128   0x0000008c   Code   RO          637    .text.SPI_DRV_ReadRXBuffer  spi_shared_function.o
    0x000051b4   0x000051b4   0x00000080   Code   RO          663    .text.SPI_DRV_SlaveAbortTransfer  spi_slave_driver.o
    0x00005234   0x00005234   0x000000c8   Code   RO          667    .text.SPI_DRV_SlaveIRQHandler  spi_slave_driver.o
    0x000052fc   0x000052fc   0x00000016   Code   RO          552    .text.SPI_Disable   spi_hw_access.o
    0x00005312   0x00005312   0x00000006   Code   RO          550    .text.SPI_Init      spi_hw_access.o
    0x00005318   0x00005318   0x00000154   Code   RO          564    .text.SPI_SetBaudRate  spi_hw_access.o
    0x0000546c   0x0000546c   0x0000001a   Code   RO          556    .text.SPI_SetFlushFifoCmd  spi_hw_access.o
    0x00005486   0x00005486   0x00000010   Code   RO          554    .text.SPI_SetMasterSlaveMode  spi_hw_access.o
    0x00005496   0x00005496   0x00000018   Code   RO          560    .text.SPI_SetPcsPolarityMode  spi_hw_access.o
    0x000054ae   0x000054ae   0x00000026   Code   RO          562    .text.SPI_SetPinConfigMode  spi_hw_access.o
    0x000054d4   0x000054d4   0x0000004a   Code   RO          568    .text.SPI_SetTxCommandReg  spi_hw_access.o
    0x0000551e   0x0000551e   0x00000002   Code   RO          116    .text.SVC_Handler   vector_table_copy.o
    0x00005520   0x00005520   0x00000010   Code   RO         1145    .text.SysTick_Handler  osif_baremetal.o
    0x00005530   0x00005530   0x00000048   Code   RO          373    .text.SystemInit    system_ytm32b1le0.o
    0x00005578   0x00005578   0x00000002   Code   RO          182    .text.UART0_IRQHandler  vector_table_copy.o
    0x0000557a   0x0000557a   0x0000000a   Code   RO         1053    .text.UART0_IrqHandler  uart_irq.o
    0x00005584   0x00005584   0x00000002   Code   RO          180    .text.UART1_IRQHandler  vector_table_copy.o
    0x00005586   0x00005586   0x0000000a   Code   RO         1055    .text.UART1_IrqHandler  uart_irq.o
    0x00005590   0x00005590   0x00000002   Code   RO          166    .text.UART2_IRQHandler  vector_table_copy.o
    0x00005592   0x00005592   0x0000000a   Code   RO         1057    .text.UART2_IrqHandler  uart_irq.o
    0x0000559c   0x0000559c   0x00000006   Code   RO         1041    .text.UART_ClearStatusFlag  uart_hw_access.o
    0x000055a2   0x000055a2   0x00000002   PAD
    0x000055a4   0x000055a4   0x0000005c   Code   RO          979    .text.UART_DRV_CompleteReceiveDataUsingInt  uart_driver.o
    0x00005600   0x00005600   0x00000058   Code   RO          985    .text.UART_DRV_GetData  uart_driver.o
    0x00005658   0x00005658   0x00000360   Code   RO          999    .text.UART_DRV_IRQHandler  uart_driver.o
    0x000059b8   0x000059b8   0x000000e8   Code   RO          949    .text.UART_DRV_Init  uart_driver.o
    0x00005aa0   0x00005aa0   0x000000b8   Code   RO          965    .text.UART_DRV_SendDataPolling  uart_driver.o
    0x00005b58   0x00005b58   0x00000110   Code   RO          951    .text.UART_DRV_SetBaudRate  uart_driver.o
    0x00005c68   0x00005c68   0x0000006c   Code   RO          981    .text.UART_DRV_StopRxDma  uart_driver.o
    0x00005cd4   0x00005cd4   0x0000000a   Code   RO         1037    .text.UART_GetIntMode  uart_hw_access.o
    0x00005cde   0x00005cde   0x0000000a   Code   RO         1039    .text.UART_GetStatusFlag  uart_hw_access.o
    0x00005ce8   0x00005ce8   0x00000010   Code   RO         1033    .text.UART_Getchar10  uart_hw_access.o
    0x00005cf8   0x00005cf8   0x0000000a   Code   RO         1027    .text.UART_Getchar7  uart_hw_access.o
    0x00005d02   0x00005d02   0x00000006   Code   RO         1029    .text.UART_Getchar8  uart_hw_access.o
    0x00005d08   0x00005d08   0x00000010   Code   RO         1031    .text.UART_Getchar9  uart_hw_access.o
    0x00005d18   0x00005d18   0x00000020   Code   RO         1017    .text.UART_Init     uart_hw_access.o
    0x00005d38   0x00005d38   0x00000004   Code   RO         1025    .text.UART_Putchar10  uart_hw_access.o
    0x00005d3c   0x00005d3c   0x00000004   Code   RO         1023    .text.UART_Putchar9  uart_hw_access.o
    0x00005d40   0x00005d40   0x00000018   Code   RO         1019    .text.UART_SetBitCountPerChar  uart_hw_access.o
    0x00005d58   0x00005d58   0x00000038   Code   RO         1043    .text.UART_SetErrorInterrupts  uart_hw_access.o
    0x00005d90   0x00005d90   0x00000014   Code   RO         1035    .text.UART_SetIntMode  uart_hw_access.o
    0x00005da4   0x00005da4   0x0000001e   Code   RO         1021    .text.UART_SetParityMode  uart_hw_access.o
    0x00005dc2   0x00005dc2   0x00000002   PAD
    0x00005dc4   0x00005dc4   0x00000018   Code   RO          256    .text.UTILITY_PRINT_Init  utility_print_config.o
    0x00005ddc   0x00005ddc   0x00000034   Code   RO          108    .text.VectorTableCopy  vector_table_copy.o
    0x00005e10   0x00005e10   0x00000002   Code   RO          164    .text.WDG0_IRQHandler  vector_table_copy.o
    0x00005e12   0x00005e12   0x00000002   PAD
    0x00005e14   0x00005e14   0x00000414   Code   RO         1201    .text._etoa         printf.o
    0x00006228   0x00006228   0x000004ec   Code   RO         1199    .text._ftoa         printf.o
    0x00006714   0x00006714   0x000001a8   Code   RO         1203    .text._ntoa_format  printf.o
    0x000068bc   0x000068bc   0x00000008   Code   RO         1185    .text._out_buffer   printf.o
    0x000068c4   0x000068c4   0x0000000c   Code   RO         1181    .text._out_char     printf.o
    0x000068d0   0x000068d0   0x00000002   Code   RO         1197    .text._out_null     printf.o
    0x000068d2   0x000068d2   0x00000002   PAD
    0x000068d4   0x000068d4   0x000008c2   Code   RO         1179    .text._vsnprintf    printf.o
    0x00007196   0x00007196   0x00000002   Code   RO          146    .text.eTMR0_CH_0_7_IRQHandler  vector_table_copy.o
    0x00007198   0x00007198   0x00000002   Code   RO          148    .text.eTMR0_Fault_IRQHandler  vector_table_copy.o
    0x0000719a   0x0000719a   0x00000002   Code   RO          150    .text.eTMR0_Ovf_IRQHandler  vector_table_copy.o
    0x0000719c   0x0000719c   0x00000002   Code   RO          152    .text.eTMR1_IRQHandler  vector_table_copy.o
    0x0000719e   0x0000719e   0x00000002   Code   RO          154    .text.eTMR2_IRQHandler  vector_table_copy.o
    0x000071a0   0x000071a0   0x00000002   Code   RO          138    .text.lpTMR0_IRQHandler  vector_table_copy.o
    0x000071a2   0x000071a2   0x00000002   PAD
    0x000071a4   0x000071a4   0x00000098   Code   RO           36    .text.main          main.o
    0x0000723c   0x0000723c   0x00000048   Code   RO           42    .text.pTMR0_IRQHandler  main.o
    0x00007284   0x00007284   0x00000014   Code   RO          800    .text.pTMR_DRV_ClearInterruptFlagTimerChannels  ptmr_driver.o
    0x00007298   0x00007298   0x00000010   Code   RO          798    .text.pTMR_DRV_GetInterruptFlagTimerChannels  ptmr_driver.o
    0x000072a8   0x000072a8   0x00000080   Code   RO          772    .text.pTMR_DRV_Init  ptmr_driver.o
    0x00007328   0x00007328   0x000000bc   Code   RO          776    .text.pTMR_DRV_InitChannel  ptmr_driver.o
    0x000073e4   0x000073e4   0x00000014   Code   RO          782    .text.pTMR_DRV_StartTimerChannels  ptmr_driver.o
    0x000073f8   0x000073f8   0x00000010   Code   RO         1920    .text.pg_dec        u8g2_polygon.o
    0x00007408   0x00007408   0x00000038   Code   RO         1922    .text.pg_expand_min_y  u8g2_polygon.o
    0x00007440   0x00007440   0x00000010   Code   RO         1918    .text.pg_inc        u8g2_polygon.o
    0x00007450   0x00007450   0x00000078   Code   RO         1924    .text.pg_line_init  u8g2_polygon.o
    0x000074c8   0x000074c8   0x0000003c   Code   RO         1926    .text.pge_Next      u8g2_polygon.o
    0x00007504   0x00007504   0x00000030   Code   RO         1177    .text.printf_       printf.o
    0x00007534   0x00007534   0x00000014   Code   RO          258    .text.printf_char   utility_print_config.o
    0x00007548   0x00007548   0x00000030   Code   RO         1183    .text.sprintf_      printf.o
    0x00007578   0x00007578   0x00000016   Code   RO         1511    .text.u8g2_ClearBuffer  u8g2_buffer.o
    0x0000758e   0x0000758e   0x000000a2   Code   RO         1555    .text.u8g2_DrawCircle  u8g2_circle.o
    0x00007630   0x00007630   0x0000009e   Code   RO         1828    .text.u8g2_DrawHLine  u8g2_hvline.o
    0x000076ce   0x000076ce   0x00000162   Code   RO         1826    .text.u8g2_DrawHVLine  u8g2_hvline.o
    0x00007830   0x00007830   0x000000c6   Code   RO         1483    .text.u8g2_DrawHXBMP  u8g2_bitmap.o
    0x000078f6   0x000078f6   0x00000002   PAD
    0x000078f8   0x000078f8   0x000000b8   Code   RO         1877    .text.u8g2_DrawLine  u8g2_line.o
    0x000079b0   0x000079b0   0x00000080   Code   RO         1832    .text.u8g2_DrawPixel  u8g2_hvline.o
    0x00007a30   0x00007a30   0x0000016c   Code   RO         1914    .text.u8g2_DrawPolygon  u8g2_polygon.o
    0x00007b9c   0x00007b9c   0x000000f2   Code   RO         1501    .text.u8g2_DrawRFrame  u8g2_box.o
    0x00007c8e   0x00007c8e   0x00000002   PAD
    0x00007c90   0x00007c90   0x00000024   Code   RO         1916    .text.u8g2_DrawTriangle  u8g2_polygon.o
    0x00007cb4   0x00007cb4   0x00000010   Code   RO         1671    .text.u8g2_DrawUTF8  u8g2_font.o
    0x00007cc4   0x00007cc4   0x0000009e   Code   RO         1830    .text.u8g2_DrawVLine  u8g2_hvline.o
    0x00007d62   0x00007d62   0x0000004a   Code   RO         1485    .text.u8g2_DrawXBMP  u8g2_bitmap.o
    0x00007dac   0x00007dac   0x00000086   Code   RO         1855    .text.u8g2_IsIntersection  u8g2_intersection.o
    0x00007e32   0x00007e32   0x00000010   Code   RO         1513    .text.u8g2_SendBuffer  u8g2_buffer.o
    0x00007e42   0x00007e42   0x000000b4   Code   RO         1703    .text.u8g2_SetFont  u8g2_font.o
    0x00007ef6   0x00007ef6   0x00000006   Code   RO         1721    .text.u8g2_SetFontDirection  u8g2_font.o
    0x00007efc   0x00007efc   0x0000000c   Code   RO         1689    .text.u8g2_SetFontPosBaseline  u8g2_font.o
    0x00007f08   0x00007f08   0x00000054   Code   RO         1960    .text.u8g2_SetupBuffer  u8g2_setup.o
    0x00007f5c   0x00007f5c   0x0000003c   Code   RO         1609    .text.u8g2_Setup_ssd1306_128x64_noname_f  u8g2_d_setup.o
    0x00007f98   0x00007f98   0x00000024   Code   RO         1641    .text.u8g2_add_vector_x  u8g2_font.o
    0x00007fbc   0x00007fbc   0x00000024   Code   RO         1639    .text.u8g2_add_vector_y  u8g2_font.o
    0x00007fe0   0x00007fe0   0x000000c6   Code   RO         1563    .text.u8g2_draw_circle_section  u8g2_circle.o
    0x000080a6   0x000080a6   0x00000016   Code   RO         1824    .text.u8g2_draw_hv_line_2dir  u8g2_hvline.o
    0x000080bc   0x000080bc   0x00000010   Code   RO         1982    .text.u8g2_draw_l90_r0  u8g2_setup.o
    0x000080cc   0x000080cc   0x000000fc   Code   RO         1665    .text.u8g2_draw_string  u8g2_font.o
    0x000081c8   0x000081c8   0x00000004   Code   RO         1687    .text.u8g2_font_calc_vref_font  u8g2_font.o
    0x000081cc   0x000081cc   0x000003b0   Code   RO         1647    .text.u8g2_font_decode_glyph  u8g2_font.o
    0x0000857c   0x0000857c   0x0000008e   Code   RO         1651    .text.u8g2_font_get_glyph_data  u8g2_font.o
    0x0000860a   0x0000860a   0x0000000e   Code   RO         1621    .text.u8g2_font_get_word  u8g2_font.o
    0x00008618   0x00008618   0x000000a0   Code   RO         2583    .text.u8g2_gpio_and_delay_YTM  u8g2_d.o
    0x000086b8   0x000086b8   0x0000004c   Code   RO         2585    .text.u8g2_init     u8g2_d.o
    0x00008704   0x00008704   0x00000088   Code   RO         1886    .text.u8g2_ll_hvline_vertical_top_lsb  u8g2_ll_hvline.o
    0x0000878c   0x0000878c   0x0000000c   Code   RO         1592    .text.u8g2_m_16_8_f  u8g2_d_memory.o
    0x00008798   0x00008798   0x00000054   Code   RO         1515    .text.u8g2_send_buffer  u8g2_buffer.o
    0x000087ec   0x000087ec   0x00000034   Code   RO         1966    .text.u8g2_update_dimension_r0  u8g2_setup.o
    0x00008820   0x00008820   0x00000062   Code   RO         1968    .text.u8g2_update_page_win_r0  u8g2_setup.o
    0x00008882   0x00008882   0x0000001e   Code   RO         2294    .text.u8x8_DrawTile  u8x8_display.o
    0x000088a0   0x000088a0   0x0000000e   Code   RO         2300    .text.u8x8_InitDisplay  u8x8_display.o
    0x000088ae   0x000088ae   0x0000000e   Code   RO         2308    .text.u8x8_RefreshDisplay  u8x8_display.o
    0x000088bc   0x000088bc   0x0000000e   Code   RO         2302    .text.u8x8_SetPowerSave  u8x8_display.o
    0x000088ca   0x000088ca   0x00000028   Code   RO         2515    .text.u8x8_Setup    u8x8_setup.o
    0x000088f2   0x000088f2   0x0000000e   Code   RO         2296    .text.u8x8_SetupMemory  u8x8_display.o
    0x00008900   0x00008900   0x00000084   Code   RO         2137    .text.u8x8_byte_4write_hw_spi  u8x8_byte.o
    0x00008984   0x00008984   0x00000012   Code   RO         2123    .text.u8x8_byte_SendByte  u8x8_byte.o
    0x00008996   0x00008996   0x0000000e   Code   RO         2121    .text.u8x8_byte_SendBytes  u8x8_byte.o
    0x000089a4   0x000089a4   0x0000000e   Code   RO         2119    .text.u8x8_byte_SetDC  u8x8_byte.o
    0x000089b2   0x000089b2   0x00000002   PAD
    0x000089b4   0x000089b4   0x00000058   Code   RO         2189    .text.u8x8_cad_001  u8x8_cad.o
    0x00008a0c   0x00008a0c   0x0000000e   Code   RO         2173    .text.u8x8_cad_EndTransfer  u8x8_cad.o
    0x00008a1a   0x00008a1a   0x0000000e   Code   RO         2165    .text.u8x8_cad_SendArg  u8x8_cad.o
    0x00008a28   0x00008a28   0x0000000e   Code   RO         2163    .text.u8x8_cad_SendCmd  u8x8_cad.o
    0x00008a36   0x00008a36   0x0000000e   Code   RO         2169    .text.u8x8_cad_SendData  u8x8_cad.o
    0x00008a44   0x00008a44   0x0000006c   Code   RO         2179    .text.u8x8_cad_SendSequence  u8x8_cad.o
    0x00008ab0   0x00008ab0   0x0000000e   Code   RO         2171    .text.u8x8_cad_StartTransfer  u8x8_cad.o
    0x00008abe   0x00008abe   0x0000006a   Code   RO         2292    .text.u8x8_d_helper_display_init  u8x8_display.o
    0x00008b28   0x00008b28   0x0000000a   Code   RO         2290    .text.u8x8_d_helper_display_setup_memory  u8x8_display.o
    0x00008b32   0x00008b32   0x00000002   PAD
    0x00008b34   0x00008b34   0x0000004c   Code   RO         2244    .text.u8x8_d_ssd1306_128x64_noname  u8x8_d_ssd1306_128x64_noname.o
    0x00008b80   0x00008b80   0x000000e0   Code   RO         2246    .text.u8x8_d_ssd1306_sh1106_generic  u8x8_d_ssd1306_128x64_noname.o
    0x00008c60   0x00008c60   0x0000000a   Code   RO         2460    .text.u8x8_gpio_call  u8x8_gpio.o
    0x00008c6a   0x00008c6a   0x00000008   Code   RO         2083    .text.u8x8_utf8_init  u8x8_8x8.o
    0x00008c72   0x00008c72   0x00000002   PAD
    0x00008c74   0x00008c74   0x00000080   Code   RO         2087    .text.u8x8_utf8_next  u8x8_8x8.o


    Execution Region text_region_end (Exec base: 0x00008cf4, Load base: 0x00008cf4, Size: 0x00000000, Max: 0x00000000, ABSOLUTE)

    Exec Addr    Load Addr    Size         Type   Attr      Idx    E Section Name        Object

    0x00008cf4        -       0x00000000   Zero   RW            7    text_region_end.bss  anon$$obj.o


    Execution Region rodata_region_start (Exec base: 0x00008cf4, Load base: 0x00008cf4, Size: 0x00000000, Max: 0x00000000, ABSOLUTE, FIXED)

    Exec Addr    Load Addr    Size         Type   Attr      Idx    E Section Name        Object

    0x00008cf4        -       0x00000000   Zero   RW            8    rodata_region_start.bss  anon$$obj.o


    Execution Region rodata_region (Exec base: 0x00008cf8, Load base: 0x00008cf8, Size: 0x00003984, Max: 0xffffffff, ABSOLUTE)

    Exec Addr    Load Addr    Size         Type   Attr      Idx    E Section Name        Object

    0x00008cf8   0x00008cf8   0x00000020   Data   RO           84    .rodata.CopyLayout  raminit1.o
    0x00008d18   0x00008d18   0x00000018   Data   RO          218    .rodata.I2C_MasterConfig0  i2c_config.o
    0x00008d30   0x00008d30   0x00000018   Data   RO          219    .rodata.I2C_MasterConfig1  i2c_config.o
    0x00008d48   0x00008d48   0x00000001   Data   RO          229    .rodata.PTMR_Config  ptmr_config.o
    0x00008d49   0x00008d49   0x00000003   PAD
    0x00008d4c   0x00008d4c   0x0000000c   Data   RO           85    .rodata.ZeroLayout  raminit1.o
    0x00008d58   0x00008d58   0x00000050   Data   RO         1205    .rodata._ftoa.pow10  printf.o
    0x00008da8   0x00008da8   0x00000026   Data   RO          235    .rodata.adc_config0  adc_config.o
    0x00008dce   0x00008dce   0x0000005a   Data   RO          290    .rodata.clockNameMappings  clock_ytm32b1lx.o
    0x00008e28   0x00008e28   0x0000000c   Data   RO           62    .rodata.clock_config0CmuConfig  clock_config.o
    0x00008e34   0x00008e34   0x00000024   Data   RO           61    .rodata.clock_config0ScuConfig  clock_config.o
    0x00008e58   0x00008e58   0x00000004   Data   RO          748    .rodata.cst4        i2c_driver.o
    0x00008e5c   0x00008e5c   0x00000004   Data   RO          803    .rodata.cst4        ptmr_driver.o
    0x00008e60   0x00008e60   0x00000008   Data   RO          746    .rodata.cst8        i2c_driver.o
    0x00008e68   0x00008e68   0x00000002   Data   RO          745    .rodata.g_i2cClock  i2c_driver.o
    0x00008e6a   0x00008e6a   0x00000002   Data   RO          747    .rodata.g_i2cSlaveIrqId  i2c_driver.o
    0x00008e6c   0x00008e6c   0x0000000c   Data   RO          930    .rodata.g_linUartBase  lin_uart_driver.o
    0x00008e78   0x00008e78   0x00000003   Data   RO          931    .rodata.g_linUartRxTxIrqId  lin_uart_driver.o
    0x00008e7b   0x00008e7b   0x00000001   PAD
    0x00008e7c   0x00008e7c   0x00000214   Data   RO           71    .rodata.g_pin_mux_InitConfigArr0  pin_mux.o
    0x00009090   0x00009090   0x0000000c   Data   RO          227    .rodata.ptmr_channel_0  ptmr_config.o
    0x0000909c   0x0000909c   0x0000000c   Data   RO          228    .rodata.ptmr_channel_1  ptmr_config.o
    0x000090a8   0x000090a8   0x00000003   Data   RO          644    .rodata.s_spiClkNames  spi_shared_function.o
    0x000090ab   0x000090ab   0x00000001   PAD
    0x000090ac   0x000090ac   0x0000000c   Data   RO         1005    .rodata.s_uartBase  uart_driver.o
    0x000090b8   0x000090b8   0x00000003   Data   RO         1006    .rodata.s_uartClkNames  uart_driver.o
    0x000090bb   0x000090bb   0x00000003   Data   RO         1008    .rodata.s_uartRxTxIrqId  uart_driver.o
    0x000090be   0x000090be   0x00000002   PAD
    0x000090c0   0x000090c0   0x0000001c   Data   RO          211    .rodata.spi_MasterConfig0  spi_config.o
    0x000090dc   0x000090dc   0x0000004a   Data   RO         2597    .rodata.str1.1      u8g2_d.o
    0x00009126   0x00009126   0x00000002   PAD
    0x00009128   0x00009128   0x0000000c   Data   RO         1996    .rodata.u8g2_cb_r0  u8g2_setup.o
    0x00009134   0x00009134   0x000034d6   Data   RO         1752    .rodata.u8g2_font_wqy12_t_chinese3  u8g2_fonts.o
    0x0000c60a   0x0000c60a   0x00000007   Data   RO         2271    .rodata.u8x8_d_ssd1306_128x64_noname_flip0_seq  u8x8_d_ssd1306_128x64_noname.o
    0x0000c611   0x0000c611   0x00000007   Data   RO         2272    .rodata.u8x8_d_ssd1306_128x64_noname_flip1_seq  u8x8_d_ssd1306_128x64_noname.o
    0x0000c618   0x0000c618   0x00000035   Data   RO         2260    .rodata.u8x8_d_ssd1306_128x64_noname_init_seq  u8x8_d_ssd1306_128x64_noname.o
    0x0000c64d   0x0000c64d   0x00000005   Data   RO         2269    .rodata.u8x8_d_ssd1306_128x64_noname_powersave0_seq  u8x8_d_ssd1306_128x64_noname.o
    0x0000c652   0x0000c652   0x00000005   Data   RO         2270    .rodata.u8x8_d_ssd1306_128x64_noname_powersave1_seq  u8x8_d_ssd1306_128x64_noname.o
    0x0000c657   0x0000c657   0x00000001   PAD
    0x0000c658   0x0000c658   0x00000018   Data   RO         2261    .rodata.u8x8_ssd1306_128x64_noname_display_info  u8x8_d_ssd1306_128x64_noname.o
    0x0000c670   0x0000c670   0x0000000c   Data   RO          241    .rodata.uart_config0  uart_config.o


    Execution Region rodata_region_end (Exec base: 0x0000c67c, Load base: 0x0000c67c, Size: 0x00000000, Max: 0x00000000, ABSOLUTE)

    Exec Addr    Load Addr    Size         Type   Attr      Idx    E Section Name        Object

    0x0000c67c        -       0x00000000   Zero   RW            9    rodata_region_end.bss  anon$$obj.o


    Execution Region i_region_start (Exec base: 0x0000c67c, Load base: 0x0000c67c, Size: 0x00000000, Max: 0x00000000, ABSOLUTE, FIXED)

    Exec Addr    Load Addr    Size         Type   Attr      Idx    E Section Name        Object

    0x0000c67c        -       0x00000000   Zero   RW           10    i_region_start.bss  anon$$obj.o


    Execution Region i_region (Exec base: 0x0000c67c, Load base: 0x0000c67c, Size: 0x000000f8, Max: 0xffffffff, ABSOLUTE)

    Exec Addr    Load Addr    Size         Type   Attr      Idx    E Section Name        Object

    0x0000c67c   0x0000c67c   0x0000002e   Code   RO         2776    i.__ARM_clz         mf_p.l(depilogue.o)
    0x0000c6aa   0x0000c6aa   0x00000002   PAD
    0x0000c6ac   0x0000c6ac   0x000000c8   Code   RO         2708    i.ceil              m_ps.l(ceil.o)


    Execution Region i_region_end (Exec base: 0x0000c774, Load base: 0x0000c774, Size: 0x00000000, Max: 0x00000000, ABSOLUTE)

    Exec Addr    Load Addr    Size         Type   Attr      Idx    E Section Name        Object

    0x0000c774        -       0x00000000   Zero   RW           11    i_region_end.bss    anon$$obj.o


    Execution Region TEXT_end (Exec base: 0x0000c774, Load base: 0x0000c774, Size: 0x00000000, Max: 0x00000000, ABSOLUTE)

    Exec Addr    Load Addr    Size         Type   Attr      Idx    E Section Name        Object

    0x0000c774        -       0x00000000   Zero   RW           12    TEXT_end.bss        anon$$obj.o


    Execution Region ARM_start (Exec base: 0x0000c774, Load base: 0x0000c774, Size: 0x00000000, Max: 0x00000000, ABSOLUTE, FIXED)

    Exec Addr    Load Addr    Size         Type   Attr      Idx    E Section Name        Object

    0x0000c774        -       0x00000000   Zero   RW           13    ARM_start.bss       anon$$obj.o


    Execution Region ARM.exidx_region_start (Exec base: 0x0000c774, Load base: 0x0000c774, Size: 0x00000000, Max: 0x00000000, ABSOLUTE, FIXED)

    Exec Addr    Load Addr    Size         Type   Attr      Idx    E Section Name        Object

    0x0000c774        -       0x00000000   Zero   RW           14    ARM.exidx_region_start.bss  anon$$obj.o


    Execution Region ARM.exidx_region (Exec base: 0x0000c774, Load base: 0x0000c774, Size: 0x00000000, Max: 0xffffffff, ABSOLUTE)

    **** No section assigned to this execution region ****


    Execution Region ARM.exidx_region_end (Exec base: 0x0000c774, Load base: 0x0000c774, Size: 0x00000000, Max: 0x00000000, ABSOLUTE)

    Exec Addr    Load Addr    Size         Type   Attr      Idx    E Section Name        Object

    0x0000c774        -       0x00000000   Zero   RW           15    ARM.exidx_region_end.bss  anon$$obj.o


    Execution Region ARM_end (Exec base: 0x0000c774, Load base: 0x0000c774, Size: 0x00000000, Max: 0x00000000, ABSOLUTE)

    Exec Addr    Load Addr    Size         Type   Attr      Idx    E Section Name        Object

    0x0000c774        -       0x00000000   Zero   RW           16    ARM_end.bss         anon$$obj.o



  Load Region LR_IVT_RAM_0 (Base: 0x20000000, Size: 0x00000000, Max: 0xffffffff, ABSOLUTE)

    Execution Region IVT_RAM_start (Exec base: 0x20000000, Load base: 0x20000000, Size: 0x00000000, Max: 0x00000000, ABSOLUTE)

    Exec Addr    Load Addr    Size         Type   Attr      Idx    E Section Name        Object

    0x20000000        -       0x00000000   Zero   RW           17    IVT_RAM_start.bss   anon$$obj.o


    Execution Region IVT_RAM (Exec base: 0x20000000, Load base: 0x20000000, Size: 0x00000400, Max: 0x00000400, ABSOLUTE)

    Exec Addr    Load Addr    Size         Type   Attr      Idx    E Section Name        Object

    0x20000000        -       0x00000400   Zero   RW           18    IVT_RAM.bss         anon$$obj.o


    Execution Region IVT_RAM_end (Exec base: 0x20000400, Load base: 0x20000000, Size: 0x00000000, Max: 0x00000000, ABSOLUTE)

    Exec Addr    Load Addr    Size         Type   Attr      Idx    E Section Name        Object

    0x20000400        -       0x00000000   Zero   RW           19    IVT_RAM_end.bss     anon$$obj.o



  Load Region LR_STACK_0 (Base: 0x20003c00, Size: 0x00000000, Max: 0xffffffff, ABSOLUTE)

    Execution Region STACK_start (Exec base: 0x20003c00, Load base: 0x20003c00, Size: 0x00000000, Max: 0x00000000, ABSOLUTE)

    Exec Addr    Load Addr    Size         Type   Attr      Idx    E Section Name        Object

    0x20003c00        -       0x00000000   Zero   RW           20    STACK_start.bss     anon$$obj.o


    Execution Region STACK (Exec base: 0x20003c00, Load base: 0x20003c00, Size: 0x00000400, Max: 0x00000400, ABSOLUTE)

    Exec Addr    Load Addr    Size         Type   Attr      Idx    E Section Name        Object

    0x20003c00        -       0x00000400   Zero   RW           21    STACK.bss           anon$$obj.o


    Execution Region STACK_end (Exec base: 0x20004000, Load base: 0x20003c00, Size: 0x00000000, Max: 0x00000000, ABSOLUTE)

    Exec Addr    Load Addr    Size         Type   Attr      Idx    E Section Name        Object

    0x20004000        -       0x00000000   Zero   RW           22    STACK_end.bss       anon$$obj.o



  Load Region LR_RAM_0 (Base: 0x20000400, Size: 0x00000000, Max: 0xffffffff, ABSOLUTE)

    Execution Region BSS_start (Exec base: 0x20000400, Load base: 0x20000400, Size: 0x00000000, Max: 0x00000000, ABSOLUTE)

    Exec Addr    Load Addr    Size         Type   Attr      Idx    E Section Name        Object

    0x20000400        -       0x00000000   Zero   RW           23    BSS_start.bss       anon$$obj.o


    Execution Region bss_region_start (Exec base: 0x20000400, Load base: 0x20000400, Size: 0x00000000, Max: 0x00000000, ABSOLUTE)

    Exec Addr    Load Addr    Size         Type   Attr      Idx    E Section Name        Object

    0x20000400        -       0x00000000   Zero   RW           24    bss_region_start.bss  anon$$obj.o


    Execution Region bss_region (Exec base: 0x20000400, Load base: 0x20000400, Size: 0x00000bf4, Max: 0xffffffff, ABSOLUTE)

    Exec Addr    Load Addr    Size         Type   Attr      Idx    E Section Name        Object

    0x20000400        -       0x00000004   Zero   RW         2623    .bss.AINX           joystick.o
    0x20000404        -       0x00000004   Zero   RW         2625    .bss.AINY           joystick.o
    0x20000408        -       0x00000001   Zero   RW         2627    .bss.Botton_Scan.Keys.0  joystick.o
    0x20000409   0x20000400   0x00000003   PAD
    0x2000040c        -       0x00000024   Zero   RW         2607    .bss.Current        u8g2_d.o
    0x20000430        -       0x00000008   Zero   RW           51    .bss.Current_vlue   main.o
    0x20000438        -       0x00000001   Zero   RW           49    .bss.Currflag       main.o
    0x20000439        -       0x00000064   Zero   RW         2606    .bss.Ele_Buff       u8g2_d.o
    0x2000049d   0x20000400   0x00000003   PAD
    0x200004a0        -       0x00000044   Zero   RW          220    .bss.I2C_MasterConfig0_State  i2c_config.o
    0x200004e4        -       0x00000044   Zero   RW          221    .bss.I2C_MasterConfig1_State  i2c_config.o
    0x20000528        -       0x00000010   Zero   RW           50    .bss.Ina226         main.o
    0x20000538        -       0x00000004   Zero   RW         2626    .bss.Key_Scan.count  joystick.o
    0x2000053c        -       0x0000001e   Zero   RW         2595    .bss.Lin_buff       u8g2_d.o
    0x2000055a        -       0x00000001   Zero   RW         2599    .bss.Menu_Show.CtrlFlag  u8g2_d.o
    0x2000055b   0x20000400   0x00000001   PAD
    0x2000055c        -       0x00000004   Zero   RW         2604    .bss.Menu_Show.Main_Menu_x_1  u8g2_d.o
    0x20000560        -       0x00000004   Zero   RW         2602    .bss.Menu_Show.Main_Menu_y  u8g2_d.o
    0x20000564        -       0x00000004   Zero   RW         2603    .bss.Menu_Show.Main_Menu_y_taget  u8g2_d.o
    0x20000568        -       0x00000001   Zero   RW         2598    .bss.Menu_Show.MenuFlag  u8g2_d.o
    0x20000569        -       0x00000480   Zero   RW         2608    .bss.OLED_GRAM      u8g2_d.o
    0x200009e9        -       0x00000001   Zero   RW         2624    .bss.PotenmeterFlag  joystick.o
    0x200009ea   0x20000400   0x00000002   PAD
    0x200009ec        -       0x00000004   Zero   RW           65    .bss.g_clockManCallbacksArr  clock_config.o
    0x200009f0        -       0x00000004   Zero   RW          293    .bss.g_clockState.0  clock_ytm32b1lx.o
    0x200009f4        -       0x00000001   Zero   RW          294    .bss.g_clockState.1  clock_ytm32b1lx.o
    0x200009f5   0x20000400   0x00000003   PAD
    0x200009f8        -       0x00000001   Zero   RW          295    .bss.g_clockState.2  clock_ytm32b1lx.o
    0x200009f9   0x20000400   0x00000003   PAD
    0x200009fc        -       0x00000004   Zero   RW          296    .bss.g_clockState.3  clock_ytm32b1lx.o
    0x20000a00        -       0x00000001   Zero   RW          297    .bss.g_clockState.4  clock_ytm32b1lx.o
    0x20000a01   0x20000400   0x00000003   PAD
    0x20000a04        -       0x00000001   Zero   RW          298    .bss.g_clockState.5  clock_ytm32b1lx.o
    0x20000a05   0x20000400   0x00000003   PAD
    0x20000a08        -       0x00000004   Zero   RW          291    .bss.g_fxoscClkFreq  clock_ytm32b1lx.o
    0x20000a0c        -       0x00000008   Zero   RW          743    .bss.g_i2cMasterStatePtr  i2c_driver.o
    0x20000a14        -       0x00000008   Zero   RW          744    .bss.g_i2cSlaveStatePtr  i2c_driver.o
    0x20000a1c        -       0x00000004   Zero   RW          407    .bss.g_interruptDisableCount  interrupt_manager.o
    0x20000a20        -       0x0000000c   Zero   RW          932    .bss.g_linStatePtr  lin_uart_driver.o
    0x20000a2c        -       0x0000000c   Zero   RW          933    .bss.g_linUserconfigPtr  lin_uart_driver.o
    0x20000a38        -       0x0000000c   Zero   RW          643    .bss.g_spiStatePtr  spi_shared_function.o
    0x20000a44        -       0x00000004   Zero   RW          292    .bss.g_sxoscClkFreq  clock_ytm32b1lx.o
    0x20000a48        -       0x0000002c   Zero   RW          250    .bss.lin_config0_State  lin_config.o
    0x20000a74        -       0x00000001   Zero   RW         1168    .bss.osif_UpdateTickConfig.first_init  osif_baremetal.o
    0x20000a75        -       0x00000003   Zero   RW          935    .bss.s_countMeasure  lin_uart_driver.o
    0x20000a78        -       0x00000004   Zero   RW         1167    .bss.s_osif_tick_cnt  osif_baremetal.o
    0x20000a7c        -       0x0000000c   Zero   RW          934    .bss.s_previousTwoBitTimeLength  lin_uart_driver.o
    0x20000a88        -       0x00000004   Zero   RW          802    .bss.s_ptmrSourceClockFrequency  ptmr_driver.o
    0x20000a8c        -       0x0000000c   Zero   RW          936    .bss.s_timeMeasure  lin_uart_driver.o
    0x20000a98        -       0x0000000c   Zero   RW         1007    .bss.s_uartStatePtr  uart_driver.o
    0x20000aa4        -       0x00000004   Zero   RW          486    .bss.s_virtEdmaState  dma_driver.o
    0x20000aa8        -       0x00000003   Zero   RW          937    .bss.s_wakeupSignal  lin_uart_driver.o
    0x20000aab   0x20000400   0x00000001   PAD
    0x20000aac        -       0x00000034   Zero   RW          212    .bss.spi_MasterConfig0_State  spi_config.o
    0x20000ae0        -       0x00000094   Zero   RW         2605    .bss.u8g2           u8g2_d.o
    0x20000b74        -       0x00000400   Zero   RW         1596    .bss.u8g2_m_16_8_f.buf  u8g2_d_memory.o
    0x20000f74        -       0x0000004c   Zero   RW         1928    .bss.u8g2_pg        u8g2_polygon.o
    0x20000fc0        -       0x00000034   Zero   RW          242    .bss.uart_config0_State  uart_config.o


    Execution Region bss_region_end (Exec base: 0x20000ff4, Load base: 0x20000400, Size: 0x00000000, Max: 0x00000000, ABSOLUTE)

    Exec Addr    Load Addr    Size         Type   Attr      Idx    E Section Name        Object

    0x20000ff4        -       0x00000000   Zero   RW           25    bss_region_end.bss  anon$$obj.o


    Execution Region BSS_end (Exec base: 0x20000ff4, Load base: 0x20000400, Size: 0x00000000, Max: 0x00000000, ABSOLUTE)

    Exec Addr    Load Addr    Size         Type   Attr      Idx    E Section Name        Object

    0x20000ff4        -       0x00000000   Zero   RW           26    BSS_end.bss         anon$$obj.o



  Load Region LR_TEXT_1 (Base: 0x0000c774, Size: 0x00000000, Max: 0xffffffff, ABSOLUTE)

    Execution Region CODE_RAM_start (Exec base: 0x20000ff4, Load base: 0x0000c774, Size: 0x00000000, Max: 0x00000000, ABSOLUTE)

    Exec Addr    Load Addr    Size         Type   Attr      Idx    E Section Name        Object

    0x20000ff4        -       0x00000000   Zero   RW           27    CODE_RAM_start.bss  anon$$obj.o


    Execution Region code_ram_region_start (Exec base: 0x20000ff4, Load base: 0x0000c774, Size: 0x00000000, Max: 0x00000000, ABSOLUTE)

    Exec Addr    Load Addr    Size         Type   Attr      Idx    E Section Name        Object

    0x20000ff4        -       0x00000000   Zero   RW           28    code_ram_region_start.bss  anon$$obj.o


    Execution Region code_ram_region (Exec base: 0x20000ff4, Load base: 0x0000c774, Size: 0x00000000, Max: 0xffffffff, ABSOLUTE)

    **** No section assigned to this execution region ****


    Execution Region code_ram_region_end (Exec base: 0x20000ff4, Load base: 0x0000c774, Size: 0x00000000, Max: 0x00000000, ABSOLUTE)

    Exec Addr    Load Addr    Size         Type   Attr      Idx    E Section Name        Object

    0x20000ff4        -       0x00000000   Zero   RW           29    code_ram_region_end.bss  anon$$obj.o


    Execution Region CODE_RAM_end (Exec base: 0x20000ff4, Load base: 0x0000c774, Size: 0x00000000, Max: 0x00000000, ABSOLUTE)

    Exec Addr    Load Addr    Size         Type   Attr      Idx    E Section Name        Object

    0x20000ff4        -       0x00000000   Zero   RW           30    CODE_RAM_end.bss    anon$$obj.o



  Load Region LR_TEXT_2 (Base: 0x0000c774, Size: 0x000002d4, Max: 0xffffffff, ABSOLUTE)

    Execution Region DATA_RAM_start (Exec base: 0x20000ff4, Load base: 0x0000c774, Size: 0x00000000, Max: 0x00000000, ABSOLUTE)

    Exec Addr    Load Addr    Size         Type   Attr      Idx    E Section Name        Object

    0x20000ff4        -       0x00000000   Zero   RW           31    DATA_RAM_start.bss  anon$$obj.o


    Execution Region data_region_start (Exec base: 0x20000ff4, Load base: 0x0000c774, Size: 0x00000000, Max: 0x00000000, ABSOLUTE)

    Exec Addr    Load Addr    Size         Type   Attr      Idx    E Section Name        Object

    0x20000ff4        -       0x00000000   Zero   RW           32    data_region_start.bss  anon$$obj.o


    Execution Region data_region (Exec base: 0x20000ff4, Load base: 0x0000c774, Size: 0x000002d4, Max: 0xffffffff, ABSOLUTE)

    Exec Addr    Load Addr    Size         Type   Attr      Idx    E Section Name        Object

    0x20000ff4   0x0000c774   0x00000258   Data   RW         2596    .data.ICON          u8g2_d.o
    0x2000124c   0x0000c9cc   0x00000004   Data   RW         2600    .data.Menu_Show.Main_Menu_x  u8g2_d.o
    0x20001250   0x0000c9d0   0x00000004   Data   RW         2601    .data.Menu_Show.Main_Menu_x_taget  u8g2_d.o
    0x20001254   0x0000c9d4   0x00000004   Data   RW          379    .data.SystemCoreClock  system_ytm32b1le0.o
    0x20001258   0x0000c9d8   0x00000002   Data   RW          248    .data.classicPID    lin_config.o
    0x2000125a   0x0000c9da   0x00000002   PAD
    0x2000125c   0x0000c9dc   0x00000010   Data   RW           63    .data.clock_config0ClockManager  clock_config.o
    0x2000126c   0x0000c9ec   0x0000001c   Data   RW           60    .data.clock_config0PeripheralClockConfig  clock_config.o
    0x20001288   0x0000ca08   0x00000004   Data   RW           64    .data.g_clockManConfigsArr  clock_config.o
    0x2000128c   0x0000ca0c   0x0000000c   Data   RW         1137    .data.g_linUartIsrs  lin_irq.o
    0x20001298   0x0000ca18   0x0000000c   Data   RW          641    .data.g_spiBase     spi_shared_function.o
    0x200012a4   0x0000ca24   0x00000003   Data   RW          642    .data.g_spiIrqId    spi_shared_function.o
    0x200012a7   0x0000ca27   0x00000001   PAD
    0x200012a8   0x0000ca28   0x0000000c   Data   RW         1059    .data.g_uartIsr     uart_irq.o
    0x200012b4   0x0000ca34   0x00000014   Data   RW          249    .data.lin_config0   lin_config.o


    Execution Region data_region_end (Exec base: 0x200012c8, Load base: 0x0000ca48, Size: 0x00000000, Max: 0x00000000, ABSOLUTE)

    Exec Addr    Load Addr    Size         Type   Attr      Idx    E Section Name        Object

    0x200012c8        -       0x00000000   Zero   RW           33    data_region_end.bss  anon$$obj.o


    Execution Region DATA_RAM_end (Exec base: 0x200012c8, Load base: 0x0000ca48, Size: 0x00000000, Max: 0x00000000, ABSOLUTE)

    Exec Addr    Load Addr    Size         Type   Attr      Idx    E Section Name        Object

    0x200012c8        -       0x00000000   Zero   RW           34    DATA_RAM_end.bss    anon$$obj.o


==============================================================================

Image component sizes


      Code (inc. data)   RO Data    RW Data    ZI Data      Debug   Object Name

         0          0         38          0          0       2509   adc_config.o
       600         32          0          0          0      26585   adc_driver.o
       456         28          0          0          0      16136   autofox_ina226.o
         0          0         48         48          4       7971   clock_config.o
      1856        122         90          0         20      25643   clock_ytm32b1lx.o
       556         32          0          0          4      32738   dma_driver.o
       256         32          0          0          0       7418   dma_hw_access.o
        80          0          0          0          0       2350   dma_irq.o
         0          0         48          0        136       5864   i2c_config.o
      4722        184         16          0         16      56074   i2c_driver.o
        20          0          0          0          0        511   i2c_irq.o
        92         12          0          0          4       5111   interrupt_manager.o
       216         40          0          0         14       2509   joystick.o
       128          0          0          0          0       1496   lin_common.o
         0          0          0         22         44       2448   lin_config.o
        16          0          0          0          0      11307   lin_driver.o
        30          0          0         12          0        844   lin_irq.o
      2400         68         15          0         54      30836   lin_uart_driver.o
       440        100          0          0         25      11850   main.o
       298         16          0          0          5       8532   osif_baremetal.o
         0          0        532          0          0       2522   pin_mux.o
        26          0          0          0          0      13825   pins_driver.o
       272          4          0          0          0       4089   pins_port_hw_access.o
      5088        432         80          0          0      23320   printf.o
         0          0         25          0          0        920   ptmr_config.o
       372         28          4          0          4      14902   ptmr_driver.o
       100         30          0          0          0        300   raminit0.o
       292         16         44          0          0       2355   raminit1.o
         2          0          0          0          0        349   raminit2.o
         0          0         28          0         52       2416   spi_config.o
       568         32          0          0          0      11186   spi_hw_access.o
        30          0          0          0          0        600   spi_irq.o
      1328         48          0          0          0      21436   spi_master_driver.o
       388          8          3         15         12      10217   spi_shared_function.o
       328         24          0          0          0      14840   spi_slave_driver.o
        84         26          0          0          0        256   startup.o
        72         24          0          4          0       2182   system_ytm32b1le0.o
       272          0          0          0          0       8314   u8g2_bitmap.o
       242          0          0          0          0       7831   u8g2_box.o
       122          4          0          0          0       8001   u8g2_buffer.o
       360          0          0          0          0      12884   u8g2_circle.o
      3736        384         74        608       1480      30850   u8g2_d.o
        12          4          0          0       1024       1073   u8g2_d_memory.o
        60         12          0          0          0       5461   u8g2_d_setup.o
      1642         24          0          0          0      45228   u8g2_font.o
         0          0      13526          0          0       6083   u8g2_fonts.o
       820          0          0          0          0       9106   u8g2_hvline.o
       134          0          0          0          0       5145   u8g2_intersection.o
       184          4          0          0          0       5414   u8g2_line.o
       136          0          0          0          0       6037   u8g2_ll_hvline.o
       668         20          0          0         76       9746   u8g2_polygon.o
       250          4         12          0          0      13488   u8g2_setup.o
       136          4          0          0          0      12073   u8x8_8x8.o
       178         18          0          0          0      16906   u8x8_byte.o
       266          6          0          0          0      14481   u8x8_cad.o
       300         30        101          0          0       7358   u8x8_d_ssd1306_128x64_noname.o
       202          0          0          0          0       5091   u8x8_display.o
        10          0          0          0          0       2163   u8x8_gpio.o
        40          0          0          0          0       3274   u8x8_setup.o
         0          0         12          0         52       5317   uart_config.o
      1840         56         18          0         12      32271   uart_driver.o
       244         16          0          0          0       8338   uart_hw_access.o
        30          0          0         12          0        819   uart_irq.o
        44          8          0          0          0       4568   utility_print_config.o
       192        192          0          0          0        192   vector.o
       100         16          0          0          0       4636   vector_table_copy.o

    ----------------------------------------------------------------------
     33376       2140      14724        724       5108     676595   Object Totals
         0          0          0          0       2048          0   (incl. Generated)
        40          0         10          3         22          0   (incl. Padding)

    ----------------------------------------------------------------------

      Code (inc. data)   RO Data    RW Data    ZI Data      Debug   Library Member Name

       200         20          0          0          0         76   ceil.o
        80          6          0          0          0         72   idiv_div0.o
         0          0          0          0          0          0   iusefp.o
        48          0          0          0          0         72   llmul.o
        32          0          0          0          0         68   llshl.o
        38          0          0          0          0         68   llsshr.o
        34          0          0          0          0         68   llushr.o
        36          0          0          0          0         60   memcpya.o
        36          0          0          0          0        100   memseta.o
        62          0          0          0          0         72   uidiv_div0.o
        96          0          0          0          0         84   uldiv.o
        40          2          0          0          0         68   cdrcmple.o
       356          4          0          0          0        140   dadd.o
        44          0          0          0          0         68   dcmpge.o
        44          0          0          0          0         68   dcmpgt.o
        44          0          0          0          0         68   dcmple.o
        44          0          0          0          0         68   dcmplt.o
       240          6          0          0          0         84   ddiv.o
       236          0          0          0          0        216   depilogue.o
        72         10          0          0          0         72   dfixi.o
        60         10          0          0          0         68   dfixui.o
        40          6          0          0          0         68   dflti.o
        28          4          0          0          0         68   dfltui.o
       208          6          0          0          0         88   dmul.o

    ----------------------------------------------------------------------
      2124         74          0          0          0       1884   Library Totals
         6          0          0          0          0          0   (incl. Padding)

    ----------------------------------------------------------------------

      Code (inc. data)   RO Data    RW Data    ZI Data      Debug   Library Name

       200         20          0          0          0         76   m_ps.l
       462          6          0          0          0        664   mc_p.l
      1456         48          0          0          0       1144   mf_p.l

    ----------------------------------------------------------------------
      2124         74          0          0          0       1884   Library Totals

    ----------------------------------------------------------------------

==============================================================================


      Code (inc. data)   RO Data    RW Data    ZI Data      Debug   

     35500       2214      14724        724       5108     676451   Grand Totals
     35500       2214      14724        724       5108     676451   ELF Image Totals
     35500       2214      14724        724          0          0   ROM Totals

==============================================================================

    Total RO  Size (Code + RO Data)                50224 (  49.05kB)
    Total RW  Size (RW Data + ZI Data)              5832 (   5.70kB)
    Total ROM Size (Code + RO Data + RW Data)      50948 (  49.75kB)

==============================================================================

